Component: Arm Compiler for Embedded 6.21 Tool: armlink [5ec1fa00]

==============================================================================

Section Cross References

    startup_stm32f407xx.o(RESET) refers to startup_stm32f407xx.o(STACK) for __initial_sp
    startup_stm32f407xx.o(RESET) refers to startup_stm32f407xx.o(.text) for Reset_Handler
    startup_stm32f407xx.o(RESET) refers to stm32f4xx_it.o(.text.NMI_Handler) for NMI_Handler
    startup_stm32f407xx.o(RESET) refers to stm32f4xx_it.o(.text.HardFault_Handler) for HardFault_Handler
    startup_stm32f407xx.o(RESET) refers to stm32f4xx_it.o(.text.MemManage_Handler) for MemManage_Handler
    startup_stm32f407xx.o(RESET) refers to stm32f4xx_it.o(.text.BusFault_Handler) for BusFault_Handler
    startup_stm32f407xx.o(RESET) refers to stm32f4xx_it.o(.text.UsageFault_Handler) for UsageFault_Handler
    startup_stm32f407xx.o(RESET) refers to stm32f4xx_it.o(.text.SVC_Handler) for SVC_Handler
    startup_stm32f407xx.o(RESET) refers to stm32f4xx_it.o(.text.DebugMon_Handler) for DebugMon_Handler
    startup_stm32f407xx.o(RESET) refers to stm32f4xx_it.o(.text.PendSV_Handler) for PendSV_Handler
    startup_stm32f407xx.o(RESET) refers to stm32f4xx_it.o(.text.SysTick_Handler) for SysTick_Handler
    startup_stm32f407xx.o(RESET) refers to stm32f4xx_it.o(.text.TIM1_UP_TIM10_IRQHandler) for TIM1_UP_TIM10_IRQHandler
    startup_stm32f407xx.o(.text) refers to system_stm32f4xx.o(.text.SystemInit) for SystemInit
    startup_stm32f407xx.o(.text) refers to entry.o(.ARM.Collect$$$$00000000) for __main
    main.o(.text.update_ball_position) refers to f2d.o(.text) for __aeabi_f2d
    main.o(.text.update_ball_position) refers to ddiv.o(.text) for __aeabi_ddiv
    main.o(.text.update_ball_position) refers to dmul.o(.text) for __aeabi_dmul
    main.o(.text.update_ball_position) refers to dfixi.o(.text) for __aeabi_d2iz
    main.o(.ARM.exidx.text.update_ball_position) refers to main.o(.text.update_ball_position) for [Anonymous Symbol]
    main.o(.text.Function1) refers to main.o(.bss..L_MergedGlobals.23) for .L_MergedGlobals.23
    main.o(.text.Function1) refers to gui.o(.text.Gui_StrCenter) for Gui_StrCenter
    main.o(.ARM.exidx.text.Function1) refers to main.o(.text.Function1) for [Anonymous Symbol]
    main.o(.text.Function2) refers to main.o(.bss..L_MergedGlobals.23) for .L_MergedGlobals.23
    main.o(.text.Function2) refers to gui.o(.text.Gui_StrCenter) for Gui_StrCenter
    main.o(.ARM.exidx.text.Function2) refers to main.o(.text.Function2) for [Anonymous Symbol]
    main.o(.text.Function3) refers to main.o(.bss..L_MergedGlobals.23) for .L_MergedGlobals.23
    main.o(.text.Function3) refers to gui.o(.text.Gui_StrCenter) for Gui_StrCenter
    main.o(.ARM.exidx.text.Function3) refers to main.o(.text.Function3) for [Anonymous Symbol]
    main.o(.text.Function4) refers to main.o(.bss..L_MergedGlobals.23) for .L_MergedGlobals.23
    main.o(.text.Function4) refers to gui.o(.text.Gui_StrCenter) for Gui_StrCenter
    main.o(.ARM.exidx.text.Function4) refers to main.o(.text.Function4) for [Anonymous Symbol]
    main.o(.text.Function5) refers to main.o(.bss..L_MergedGlobals.23) for .L_MergedGlobals.23
    main.o(.text.Function5) refers to gui.o(.text.Gui_StrCenter) for Gui_StrCenter
    main.o(.ARM.exidx.text.Function5) refers to main.o(.text.Function5) for [Anonymous Symbol]
    main.o(.text.Function6) refers to main.o(.bss..L_MergedGlobals.23) for .L_MergedGlobals.23
    main.o(.text.Function6) refers to gui.o(.text.Gui_StrCenter) for Gui_StrCenter
    main.o(.ARM.exidx.text.Function6) refers to main.o(.text.Function6) for [Anonymous Symbol]
    main.o(.text.Function1_1) refers to main.o(.bss..L_MergedGlobals.23) for .L_MergedGlobals.23
    main.o(.text.Function1_1) refers to gui.o(.text.Gui_StrCenter) for Gui_StrCenter
    main.o(.text.Function1_1) refers to motor.o(.bss..L_MergedGlobals) for time_100ms_cnt_1
    main.o(.text.Function1_1) refers to stm32f4xx_hal_gpio.o(.text.HAL_GPIO_TogglePin) for HAL_GPIO_TogglePin
    main.o(.ARM.exidx.text.Function1_1) refers to main.o(.text.Function1_1) for [Anonymous Symbol]
    main.o(.text.Function2_1) refers to main.o(.bss..L_MergedGlobals.23) for .L_MergedGlobals.23
    main.o(.text.Function2_1) refers to gui.o(.text.Gui_StrCenter) for Gui_StrCenter
    main.o(.text.Function2_1) refers to main.o(.rodata.str1.1) for .L.str.8
    main.o(.text.Function2_1) refers to printfa.o(i.__0sprintf) for __2sprintf
    main.o(.text.Function2_1) refers to bee.o(.text.play_music) for play_music
    main.o(.ARM.exidx.text.Function2_1) refers to main.o(.text.Function2_1) for [Anonymous Symbol]
    main.o(.text.Function3_1) refers to main.o(.bss..L_MergedGlobals.23) for .L_MergedGlobals.23
    main.o(.text.Function3_1) refers to gui.o(.text.Gui_StrCenter) for Gui_StrCenter
    main.o(.text.Function3_1) refers to printfa.o(i.__0sprintf) for __2sprintf
    main.o(.text.Function3_1) refers to motor.o(.text.Set_Pwm) for Set_Pwm
[...]
    i.__0printf                              0x08008108   Section        0  printfa.o(i.__0printf)
    i.__0sprintf                             0x08008128   Section        0  printfa.o(i.__0sprintf)
    i.__ARM_fpclassify                       0x08008150   Section        0  fpclassify.o(i.__ARM_fpclassify)
    i.__hardfp_asin                          0x08008180   Section        0  asin.o(i.__hardfp_asin)
    i.__hardfp_atan                          0x080084e0   Section        0  atan.o(i.__hardfp_atan)
    i.__hardfp_atan2                         0x080087b8   Section        0  atan2.o(i.__hardfp_atan2)
    i.__kernel_poly                          0x080089b8   Section        0  poly.o(i.__kernel_poly)
    i.__mathlib_dbl_infnan                   0x08008ab0   Section        0  dunder.o(i.__mathlib_dbl_infnan)
    i.__mathlib_dbl_infnan2                  0x08008ac4   Section        0  dunder.o(i.__mathlib_dbl_infnan2)
    i.__mathlib_dbl_invalid                  0x08008ad8   Section        0  dunder.o(i.__mathlib_dbl_invalid)
    i.__mathlib_dbl_underflow                0x08008af8   Section        0  dunder.o(i.__mathlib_dbl_underflow)
    i.__scatterload_copy                     0x08008b18   Section       14  handlers.o(i.__scatterload_copy)
    i.__scatterload_null                     0x08008b26   Section        2  handlers.o(i.__scatterload_null)
    i.__scatterload_zeroinit                 0x08008b28   Section       14  handlers.o(i.__scatterload_zeroinit)
    i.__set_errno                            0x08008b38   Section        0  errno.o(i.__set_errno)
    _fp_digits                               0x08008b45   Thumb Code   366  printfa.o(i._fp_digits)
    i._fp_digits                             0x08008b44   Section        0  printfa.o(i._fp_digits)
    _printf_core                             0x08008cc9   Thumb Code  1744  printfa.o(i._printf_core)
    i._printf_core                           0x08008cc8   Section        0  printfa.o(i._printf_core)
    _printf_post_padding                     0x080093a5   Thumb Code    36  printfa.o(i._printf_post_padding)
    i._printf_post_padding                   0x080093a4   Section        0  printfa.o(i._printf_post_padding)
    _printf_pre_padding                      0x080093c9   Thumb Code    46  printfa.o(i._printf_pre_padding)
    i._printf_pre_padding                    0x080093c8   Section        0  printfa.o(i._printf_pre_padding)
    _sputc                                   0x080093f7   Thumb Code    10  printfa.o(i._sputc)
    i._sputc                                 0x080093f6   Section        0  printfa.o(i._sputc)
    i.atan                                   0x08009400   Section        0  atan.o(i.atan)
    i.fabs                                   0x08009410   Section        0  fabs.o(i.fabs)
    i.sqrt                                   0x08009428   Section        0  sqrt.o(i.sqrt)
    pS                                       0x08009498   Data          48  asin.o(.constdata)
    .constdata                               0x08009498   Section       80  asin.o(.constdata)
    qS                                       0x080094c8   Data          32  asin.o(.constdata)
    atanhi                                   0x080094e8   Data          32  atan.o(.constdata)
    .constdata                               0x080094e8   Section      152  atan.o(.constdata)
    atanlo                                   0x08009508   Data          32  atan.o(.constdata)
    aTodd                                    0x08009528   Data          40  atan.o(.constdata)
    aTeven                                   0x08009550   Data          48  atan.o(.constdata)
    .constdata                               0x08009580   Section        8  qnan.o(.constdata)
    .L__const.main.submenu1                  0x08009588   Data          28  main.o(.rodata..L__const.main.submenu1)
    .L__const.main.submenu1_1                0x080095a4   Data          28  main.o(.rodata..L__const.main.submenu1_1)
    .L__const.main.submenu2                  0x080095c0   Data          28  main.o(.rodata..L__const.main.submenu2)
    .L__const.main.submenu3                  0x080095dc   Data          28  main.o(.rodata..L__const.main.submenu3)
    .L__const.main.submenu4                  0x080095f8   Data          28  main.o(.rodata..L__const.main.submenu4)
    .L__const.main.submenu5                  0x08009614   Data          28  main.o(.rodata..L__const.main.submenu5)
    .L__const.main.submenu6                  0x08009630   Data          28  main.o(.rodata..L__const.main.submenu6)
    .L__const.music_init.music0_time         0x0800964c   Data         116  bee.o(.rodata..L__const.music_init.music0_time)
    .L__const.music_init.music0_unit         0x080096c0   Data         116  bee.o(.rodata..L__const.music_init.music0_unit)
    .L__const.music_init.music0_unit_HL      0x08009734   Data         116  bee.o(.rodata..L__const.music_init.music0_unit_HL)
    .L__const.music_init.music1_time         0x080097a8   Data         176  bee.o(.rodata..L__const.music_init.music1_time)
    .L__const.music_init.music1_unit         0x08009858   Data         176  bee.o(.rodata..L__const.music_init.music1_unit)
    .L__const.music_init.music2_time         0x08009908   Data         152  bee.o(.rodata..L__const.music_init.music2_time)
    .L__const.music_init.music2_unit         0x080099a0   Data         152  bee.o(.rodata..L__const.music_init.music2_unit)
    .L__const.music_init.music2_unit_HL      0x08009a38   Data         152  bee.o(.rodata..L__const.music_init.music2_unit_HL)
    .L__const.music_init.music3_time         0x08009ad0   Data         400  bee.o(.rodata..L__const.music_init.music3_time)
    .L__const.music_init.music3_unit         0x08009c60   Data         400  bee.o(.rodata..L__const.music_init.music3_unit)
    .L__const.music_init.music3_unit_HL      0x08009df0   Data         400  bee.o(.rodata..L__const.music_init.music3_unit_HL)
    .Lswitch.table.HAL_TIM_IC_Start_IT       0x0800a9fc   Data          16  stm32f4xx_hal_tim.o(.rodata.cst16)
    .Lswitch.table.HAL_TIM_IC_Stop_IT        0x0800aa0c   Data          16  stm32f4xx_hal_tim.o(.rodata.cst16)
    .L.str.8                                 0x0800ca1c   Data          15  main.o(.rodata.str1.1)
    [Anonymous Symbol]                       0x0800ca1c   Section        0  main.o(.rodata.str1.1)
    .data                                    0x20000000   Section        4  stdout.o(.data)
    _errno                                   0x20000004   Data           4  errno.o(.data)
    .data                                    0x20000004   Section        4  errno.o(.data)
    .L_MergedGlobals                         0x20000008   Data           8  main.o(.data..L_MergedGlobals)
    [Anonymous Symbol]                       0x20000008   Section        0  main.o(.data..L_MergedGlobals)
    .L_MergedGlobals                         0x20000010   Data           8  stm32f4xx_hal.o(.data..L_MergedGlobals)
    [Anonymous Symbol]                       0x20000010   Section        0  stm32f4xx_hal.o(.data..L_MergedGlobals)
    .L_MergedGlobals                         0x20000038   Data           8  key.o(.bss..L_MergedGlobals)
    [Anonymous Symbol]                       0x20000038   Section        0  key.o(.bss..L_MergedGlobals)
    .L_MergedGlobals                         0x20000040   Data         100  bee.o(.bss..L_MergedGlobals)
    play_music.cnt                           0x20000040   Data           4  bee.o(.bss..L_MergedGlobals)
    [Anonymous Symbol]                       0x20000040   Section        0  bee.o(.bss..L_MergedGlobals)
    .L_MergedGlobals                         0x200000a4   Data          36  motor.o(.bss..L_MergedGlobals)
    [Anonymous Symbol]                       0x200000a4   Section        0  motor.o(.bss..L_MergedGlobals)
    .L_MergedGlobals                         0x200000c8   Data          48  imu660ra.o(.bss..L_MergedGlobals)
    [Anonymous Symbol]                       0x200000c8   Section        0  imu660ra.o(.bss..L_MergedGlobals)
    .L_MergedGlobals.23                      0x200000f8   Data         124  main.o(.bss..L_MergedGlobals.23)
    [Anonymous Symbol]                       0x200000f8   Section        0  main.o(.bss..L_MergedGlobals.23)
    fac_us                                   0x20000178   Data           4  delay.o(.bss.fac_us)
    [Anonymous Symbol]                       0x20000178   Section        0  delay.o(.bss.fac_us)
    STACK                                    0x2000f580   Section     1024  startup_stm32f407xx.o(STACK)

    Global Symbols

    Symbol Name                              Value     Ov Type        Size  Object(Section)

    BuildAttributes$$THM_ISAv4$E$P$D$K$B$S$7EM$VFPi3$EXTD16$VFPS$VFMA$PE$A:L22UL41UL21$X:L11$S22US41US21$IEEE1$IW$~IW$USESV6$~STKCKD$USESV7$~SHL$OTIME$ROPI$IEEEX$EBA8$MICROLIB$REQ8$PRES8$EABIv2 0x00000000   Number         0  anon$$obj.o ABSOLUTE
    _printf_a                                0x00000000   Number         0  printfstubs.o ABSOLUTE
    _printf_c                                0x00000000   Number         0  printfstubs.o ABSOLUTE
    _printf_charcount                        0x00000000   Number         0  printfstubs.o ABSOLUTE
    _printf_d                                0x00000000   Number         0  printfstubs.o ABSOLUTE
    _printf_e                                0x00000000   Number         0  printfstubs.o ABSOLUTE
    _printf_f                                0x00000000   Number         0  printfstubs.o ABSOLUTE
    _printf_flags                            0x00000000   Number         0  printfstubs.o ABSOLUTE
    _printf_fp_dec                           0x00000000   Number         0  printfstubs.o ABSOLUTE
    _printf_fp_hex                           0x00000000   Number         0  printfstubs.o ABSOLUTE
    _printf_g                                0x00000000   Number         0  printfstubs.o ABSOLUTE
    _printf_i                                0x00000000   Number         0  printfstubs.o ABSOLUTE
    _printf_int_dec                          0x00000000   Number         0  printfstubs.o ABSOLUTE
    _printf_l                                0x00000000   Number         0  printfstubs.o ABSOLUTE
    _printf_lc                               0x00000000   Number         0  printfstubs.o ABSOLUTE
    _printf_ll                               0x00000000   Number         0  printfstubs.o ABSOLUTE
    _printf_lld                              0x00000000   Number         0  printfstubs.o ABSOLUTE
    _printf_lli                              0x00000000   Number         0  printfstubs.o ABSOLUTE
    _printf_llo                              0x00000000   Number         0  printfstubs.o ABSOLUTE
    _printf_llu                              0x00000000   Number         0  printfstubs.o ABSOLUTE
    _printf_llx                              0x00000000   Number         0  printfstubs.o ABSOLUTE
    _printf_longlong_dec                     0x00000000   Number         0  printfstubs.o ABSOLUTE
    _printf_longlong_hex                     0x00000000   Number         0  printfstubs.o ABSOLUTE
    _printf_longlong_oct                     0x00000000   Number         0  printfstubs.o ABSOLUTE
    _printf_ls                               0x00000000   Number         0  printfstubs.o ABSOLUTE
    _printf_mbtowc                           0x00000000   Number         0  printfstubs.o ABSOLUTE
    _printf_n                                0x00000000   Number         0  printfstubs.o ABSOLUTE
    _printf_o                                0x00000000   Number         0  printfstubs.o ABSOLUTE
    _printf_p                                0x00000000   Number         0  printfstubs.o ABSOLUTE
    _printf_percent                          0x00000000   Number         0  printfstubs.o ABSOLUTE
    _printf_pre_padding                      0x00000000   Number         0  printfstubs.o ABSOLUTE
    _printf_return_value                     0x00000000   Number         0  printfstubs.o ABSOLUTE
    _printf_s                                0x00000000   Number         0  printfstubs.o ABSOLUTE
    _printf_sizespec                         0x00000000   Number         0  printfstubs.o ABSOLUTE
    _printf_str                              0x00000000   Number         0  printfstubs.o ABSOLUTE
    _printf_truncate_signed                  0x00000000   Number         0  printfstubs.o ABSOLUTE
    _printf_truncate_unsigned                0x00000000   Number         0  printfstubs.o ABSOLUTE
    _printf_u                                0x00000000   Number         0  printfstubs.o ABSOLUTE
    _printf_wc                               0x00000000   Number         0  printfstubs.o ABSOLUTE
    _printf_wctomb                           0x00000000   Number         0  printfstubs.o ABSOLUTE
    _printf_widthprec                        0x00000000   Number         0  printfstubs.o ABSOLUTE
    _printf_x                                0x00000000   Number         0  printfstubs.o ABSOLUTE
    __cpp_initialize__aeabi_                  - Undefined Weak Reference
    __cxa_finalize                            - Undefined Weak Reference
    __decompress                              - Undefined Weak Reference
    _clock_init                               - Undefined Weak Reference
    _microlib_exit                            - Undefined Weak Reference
    __Vectors_Size                           0x00000188   Number         0  startup_stm32f407xx.o ABSOLUTE
    __Vectors                                0x08000000   Data           4  startup_stm32f407xx.o(RESET)
    __Vectors_End                            0x08000188   Data           0  startup_stm32f407xx.o(RESET)
    __main                                   0x08000189   Thumb Code     0  entry.o(.ARM.Collect$$$$00000000)
    _main_stk                                0x08000189   Thumb Code     0  entry2.o(.ARM.Collect$$$$00000001)
    _main_scatterload                        0x0800018d   Thumb Code     0  entry5.o(.ARM.Collect$$$$00000004)
    __main_after_scatterload                 0x08000191   Thumb Code     0  entry5.o(.ARM.Collect$$$$00000004)
    _main_clock                              0x08000191   Thumb Code     0  entry7b.o(.ARM.Collect$$$$00000008)
    _main_cpp_init                           0x08000191   Thumb Code     0  entry8b.o(.ARM.Collect$$$$0000000A)
    _main_init                               0x08000191   Thumb Code     0  entry9a.o(.ARM.Collect$$$$0000000B)
    __rt_final_cpp                           0x08000199   Thumb Code     0  entry10a.o(.ARM.Collect$$$$0000000D)
    __rt_final_exit                          0x08000199   Thumb Code     0  entry11a.o(.ARM.Collect$$$$0000000F)
    Reset_Handler                            0x0800019d   Thumb Code     8  startup_stm32f407xx.o(.text)
    ADC_IRQHandler                           0x080001b7   Thumb Code     0  startup_stm32f407xx.o(.text)
    CAN1_RX0_IRQHandler                      0x080001b7   Thumb Code     0  startup_stm32f407xx.o(.text)
    CAN1_RX1_IRQHandler                      0x080001b7   Thumb Code     0  startup_stm32f407xx.o(.text)
    CAN1_SCE_IRQHandler                      0x080001b7   Thumb Code     0  startup_stm32f407xx.o(.text)
    CAN1_TX_IRQHandler                       0x080001b7   Thumb Code     0  startup_stm32f407xx.o(.text)
    CAN2_RX0_IRQHandler                      0x080001b7   Thumb Code     0  startup_stm32f407xx.o(.text)
    CAN2_RX1_IRQHandler                      0x080001b7   Thumb Code     0  startup_stm32f407xx.o(.text)
    CAN2_SCE_IRQHandler                      0x080001b7   Thumb Code     0  startup_stm32f407xx.o(.text)
    CAN2_TX_IRQHandler                       0x080001b7   Thumb Code     0  startup_stm32f407xx.o(.text)
    DCMI_IRQHandler                          0x080001b7   Thumb Code     0  startup_stm32f407xx.o(.text)
    DMA1_Stream0_IRQHandler                  0x080001b7   Thumb Code     0  startup_stm32f407xx.o(.text)
    DMA1_Stream1_IRQHandler                  0x080001b7   Thumb Code     0  startup_stm32f407xx.o(.text)
    DMA1_Stream2_IRQHandler                  0x080001b7   Thumb Code     0  startup_stm32f407xx.o(.text)
    DMA1_Stream3_IRQHandler                  0x080001b7   Thumb Code     0  startup_stm32f407xx.o(.text)
    DMA1_Stream4_IRQHandler                  0x080001b7   Thumb Code     0  startup_stm32f407xx.o(.text)
    DMA1_Stream5_IRQHandler                  0x080001b7   Thumb Code     0  startup_stm32f407xx.o(.text)
    DMA1_Stream6_IRQHandler                  0x080001b7   Thumb Code     0  startup_stm32f407xx.o(.text)
    DMA1_Stream7_IRQHandler                  0x080001b7   Thumb Code     0  startup_stm32f407xx.o(.text)
    DMA2_Stream0_IRQHandler                  0x080001b7   Thumb Code     0  startup_stm32f407xx.o(.text)
    DMA2_Stream1_IRQHandler                  0x080001b7   Thumb Code     0  startup_stm32f407xx.o(.text)
    DMA2_Stream2_IRQHandler                  0x080001b7   Thumb Code     0  startup_stm32f407xx.o(.text)
    DMA2_Stream3_IRQHandler                  0x080001b7   Thumb Code     0  startup_stm32f407xx.o(.text)
    DMA2_Stream4_IRQHandler                  0x080001b7   Thumb Code     0  startup_stm32f407xx.o(.text)
    DMA2_Stream5_IRQHandler                  0x080001b7   Thumb Code     0  startup_stm32f407xx.o(.text)
    DMA2_Stream6_IRQHandler                  0x080001b7   Thumb Code     0  startup_stm32f407xx.o(.text)
    DMA2_Stream7_IRQHandler                  0x080001b7   Thumb Code     0  startup_stm32f407xx.o(.text)
    ETH_IRQHandler                           0x080001b7   Thumb Code     0  startup_stm32f407xx.o(.text)
    ETH_WKUP_IRQHandler                      0x080001b7   Thumb Code     0  startup_stm32f407xx.o(.text)
    EXTI0_IRQHandler                         0x080001b7   Thumb Code     0  startup_stm32f407xx.o(.text)
    EXTI15_10_IRQHandler                     0x080001b7   Thumb Code     0  startup_stm32f407xx.o(.text)
    EXTI1_IRQHandler                         0x080001b7   Thumb Code     0  startup_stm32f407xx.o(.text)
    EXTI2_IRQHandler                         0x080001b7   Thumb Code     0  startup_stm32f407xx.o(.text)
    EXTI3_IRQHandler                         0x080001b7   Thumb Code     0  startup_stm32f407xx.o(.text)
    EXTI4_IRQHandler                         0x080001b7   Thumb Code     0  startup_stm32f407xx.o(.text)
    EXTI9_5_IRQHandler                       0x080001b7   Thumb Code     0  startup_stm32f407xx.o(.text)
    FLASH_IRQHandler                         0x080001b7   Thumb Code     0  startup_stm32f407xx.o(.text)
    FMC_IRQHandler                           0x080001b7   Thumb Code     0  startup_stm32f407xx.o(.text)
    FPU_IRQHandler                           0x080001b7   Thumb Code     0  startup_stm32f407xx.o(.text)
    HASH_RNG_IRQHandler                      0x080001b7   Thumb Code     0  startup_stm32f407xx.o(.text)
    I2C1_ER_IRQHandler                       0x080001b7   Thumb Code     0  startup_stm32f407xx.o(.text)
    I2C1_EV_IRQHandler                       0x080001b7   Thumb Code     0  startup_stm32f407xx.o(.text)
    I2C2_ER_IRQHandler                       0x080001b7   Thumb Code     0  startup_stm32f407xx.o(.text)
    I2C2_EV_IRQHandler                       0x080001b7   Thumb Code     0  startup_stm32f407xx.o(.text)
    I2C3_ER_IRQHandler                       0x080001b7   Thumb Code     0  startup_stm32f407xx.o(.text)
    I2C3_EV_IRQHandler                       0x080001b7   Thumb Code     0  startup_stm32f407xx.o(.text)
    OTG_FS_IRQHandler                        0x080001b7   Thumb Code     0  startup_stm32f407xx.o(.text)
    OTG_FS_WKUP_IRQHandler                   0x080001b7   Thumb Code     0  startup_stm32f407xx.o(.text)
    OTG_HS_EP1_IN_IRQHandler                 0x080001b7   Thumb Code     0  startup_stm32f407xx.o(.text)
    OTG_HS_EP1_OUT_IRQHandler                0x080001b7   Thumb Code     0  startup_stm32f407xx.o(.text)
    OTG_HS_IRQHandler                        0x080001b7   Thumb Code     0  startup_stm32f407xx.o(.text)
    OTG_HS_WKUP_IRQHandler                   0x080001b7   Thumb Code     0  startup_stm32f407xx.o(.text)
    PVD_IRQHandler                           0x080001b7   Thumb Code     0  startup_stm32f407xx.o(.text)
    RCC_IRQHandler                           0x080001b7   Thumb Code     0  startup_stm32f407xx.o(.text)
    RTC_Alarm_IRQHandler                     0x080001b7   Thumb Code     0  startup_stm32f407xx.o(.text)
    RTC_WKUP_IRQHandler                      0x080001b7   Thumb Code     0  startup_stm32f407xx.o(.text)
    SDIO_IRQHandler                          0x080001b7   Thumb Code     0  startup_stm32f407xx.o(.text)
    SPI1_IRQHandler                          0x080001b7   Thumb Code     0  startup_stm32f407xx.o(.text)
    SPI2_IRQHandler                          0x080001b7   Thumb Code     0  startup_stm32f407xx.o(.text)
    SPI3_IRQHandler                          0x080001b7   Thumb Code     0  startup_stm32f407xx.o(.text)
    TAMP_STAMP_IRQHandler                    0x080001b7   Thumb Code     0  startup_stm32f407xx.o(.text)
    TIM1_BRK_TIM9_IRQHandler                 0x080001b7   Thumb Code     0  startup_stm32f407xx.o(.text)
    TIM1_CC_IRQHandler                       0x080001b7   Thumb Code     0  startup_stm32f407xx.o(.text)
    TIM1_TRG_COM_TIM11_IRQHandler            0x080001b7   Thumb Code     0  startup_stm32f407xx.o(.text)
    TIM2_IRQHandler                          0x080001b7   Thumb Code     0  startup_stm32f407xx.o(.text)
    TIM3_IRQHandler                          0x080001b7   Thumb Code     0  startup_stm32f407xx.o(.text)
    TIM4_IRQHandler                          0x080001b7   Thumb Code     0  startup_stm32f407xx.o(.text)
    TIM5_IRQHandler                          0x080001b7   Thumb Code     0  startup_stm32f407xx.o(.text)
    TIM6_DAC_IRQHandler                      0x080001b7   Thumb Code     0  startup_stm32f407xx.o(.text)
    TIM7_IRQHandler                          0x080001b7   Thumb Code     0  startup_stm32f407xx.o(.text)
    TIM8_BRK_TIM12_IRQHandler                0x080001b7   Thumb Code     0  startup_stm32f407xx.o(.text)
    TIM8_CC_IRQHandler                       0x080001b7   Thumb Code     0  startup_stm32f407xx.o(.text)
    TIM8_TRG_COM_TIM14_IRQHandler            0x080001b7   Thumb Code     0  startup_stm32f407xx.o(.text)
    TIM8_UP_TIM13_IRQHandler                 0x080001b7   Thumb Code     0  startup_stm32f407xx.o(.text)
    UART4_IRQHandler                         0x080001b7   Thumb Code     0  startup_stm32f407xx.o(.text)
    UART5_IRQHandler                         0x080001b7   Thumb Code     0  startup_stm32f407xx.o(.text)
    USART1_IRQHandler                        0x080001b7   Thumb Code     0  startup_stm32f407xx.o(.text)
    USART2_IRQHandler                        0x080001b7   Thumb Code     0  startup_stm32f407xx.o(.text)
    USART3_IRQHandler                        0x080001b7   Thumb Code     0  startup_stm32f407xx.o(.text)
    USART6_IRQHandler                        0x080001b7   Thumb Code     0  startup_stm32f407xx.o(.text)
    WWDG_IRQHandler                          0x080001b7   Thumb Code     0  startup_stm32f407xx.o(.text)
    __aeabi_uldivmod                         0x080001c1   Thumb Code    98  uldiv.o(.text)
    __aeabi_memcpy                           0x08000223   Thumb Code    36  memcpya.o(.text)
    __aeabi_memcpy4                          0x08000223   Thumb Code     0  memcpya.o(.text)
    __aeabi_memcpy8                          0x08000223   Thumb Code     0  memcpya.o(.text)
    strlen                                   0x08000247   Thumb Code    14  strlen.o(.text)
    __aeabi_dadd                             0x08000255   Thumb Code   322  dadd.o(.text)
    __aeabi_dsub                             0x08000397   Thumb Code     6  dadd.o(.text)
    __aeabi_drsub                            0x0800039d   Thumb Code     6  dadd.o(.text)
    __aeabi_dmul                             0x080003a3   Thumb Code   228  dmul.o(.text)
    __aeabi_ddiv                             0x08000487   Thumb Code   222  ddiv.o(.text)
    __aeabi_i2d                              0x08000565   Thumb Code    34  dflti.o(.text)
    __aeabi_ui2d                             0x08000587   Thumb Code    26  dfltui.o(.text)
    __aeabi_d2iz                             0x080005a1   Thumb Code    62  dfixi.o(.text)
    __aeabi_d2uiz                            0x080005df   Thumb Code    50  dfixui.o(.text)
    __aeabi_f2d                              0x08000611   Thumb Code    38  f2d.o(.text)
    __aeabi_d2f                              0x08000637   Thumb Code    56  d2f.o(.text)
    __aeabi_uidiv                            0x0800066f   Thumb Code     0  uidiv.o(.text)
    __aeabi_uidivmod                         0x0800066f   Thumb Code    44  uidiv.o(.text)
    __aeabi_llsl                             0x0800069b   Thumb Code    30  llshl.o(.text)
    _ll_shift_l                              0x0800069b   Thumb Code     0  llshl.o(.text)
    __aeabi_llsr                             0x080006b9   Thumb Code    32  llushr.o(.text)
    _ll_ushift_r                             0x080006b9   Thumb Code     0  llushr.o(.text)
    __aeabi_lasr                             0x080006d9   Thumb Code    36  llsshr.o(.text)
    _ll_sshift_r                             0x080006d9   Thumb Code     0  llsshr.o(.text)
    __I$use$fp                               0x080006fd   Thumb Code     0  iusefp.o(.text)
    _float_round                             0x080006fd   Thumb Code    18  fepilogue.o(.text)
    _float_epilogue                          0x0800070f   Thumb Code    92  fepilogue.o(.text)
    _double_round                            0x0800076b   Thumb Code    30  depilogue.o(.text)
    _double_epilogue                         0x08000789   Thumb Code   156  depilogue.o(.text)
    __aeabi_d2ulz                            0x08000825   Thumb Code    48  dfixul.o(.text)
    __aeabi_cdcmpeq                          0x08000855   Thumb Code     0  cdcmple.o(.text)
    __aeabi_cdcmple                          0x08000855   Thumb Code    48  cdcmple.o(.text)
    __aeabi_cdrcmple                         0x08000885   Thumb Code    48  cdrcmple.o(.text)
    __scatterload                            0x080008b5   Thumb Code    38  init.o(.text)
    __scatterload_rt2                        0x080008b5   Thumb Code     0  init.o(.text)
    _dsqrt                                   0x080008e5   Thumb Code   162  dsqrt.o(.text)
    BusFault_Handler                         0x08000989   Thumb Code     2  stm32f4xx_it.o(.text.BusFault_Handler)
    DebugMon_Handler                         0x0800098d   Thumb Code     2  stm32f4xx_it.o(.text.DebugMon_Handler)
    Error_Handler                            0x08000991   Thumb Code     6  main.o(.text.Error_Handler)
    Function1                                0x08000999   Thumb Code   278  main.o(.text.Function1)
    Function1_1                              0x08000ab1   Thumb Code   292  main.o(.text.Function1_1)
    Function2                                0x08000bd5   Thumb Code   278  main.o(.text.Function2)
    Function2_1                              0x08000ced   Thumb Code   252  main.o(.text.Function2_1)
    Function3                                0x08000de9   Thumb Code   278  main.o(.text.Function3)
    Function3_1                              0x08000f01   Thumb Code   240  main.o(.text.Function3_1)
    Function4                                0x08001001   Thumb Code   278  main.o(.text.Function4)
    Function4_1                              0x08001119   Thumb Code   304  main.o(.text.Function4_1)
    Function5                                0x08001261   Thumb Code   278  main.o(.text.Function5)
    Function5_1                              0x08001379   Thumb Code   176  main.o(.text.Function5_1)
    Function6                                0x08001441   Thumb Code   278  main.o(.text.Function6)
    Function6_1                              0x08001559   Thumb Code   312  main.o(.text.Function6_1)
    GUI_DrawFont16                           0x080016b1   Thumb Code   722  gui.o(.text.GUI_DrawFont16)
    GUI_DrawFont24                           0x08001985   Thumb Code   726  gui.o(.text.GUI_DrawFont24)
    GUI_DrawFont32                           0x08001c5d   Thumb Code  1114  gui.o(.text.GUI_DrawFont32)
    Get_Angle                                0x080020b9   Thumb Code   188  imu660ra.o(.text.Get_Angle)
    Gui_StrCenter                            0x08002175   Thumb Code    82  gui.o(.text.Gui_StrCenter)
    HAL_ADC_ConfigChannel                    0x080021c9   Thumb Code   326  stm32f4xx_hal_adc.o(.text.HAL_ADC_ConfigChannel)
    HAL_ADC_GetValue                         0x08002311   Thumb Code     6  stm32f4xx_hal_adc.o(.text.HAL_ADC_GetValue)
    HAL_ADC_Init                             0x08002319   Thumb Code   350  stm32f4xx_hal_adc.o(.text.HAL_ADC_Init)
    HAL_ADC_MspInit                          0x08002479   Thumb Code   100  adc.o(.text.HAL_ADC_MspInit)
    HAL_ADC_PollForConversion                0x080024dd   Thumb Code   254  stm32f4xx_hal_adc.o(.text.HAL_ADC_PollForConversion)
    HAL_ADC_Start                            0x080025dd   Thumb Code   346  stm32f4xx_hal_adc.o(.text.HAL_ADC_Start)
    HAL_CAN_Init                             0x08002739   Thumb Code   244  stm32f4xx_hal_can.o(.text.HAL_CAN_Init)
    HAL_CAN_MspInit                          0x0800282d   Thumb Code   108  can.o(.text.HAL_CAN_MspInit)
    HAL_DAC_ConfigChannel                    0x08002899   Thumb Code    96  stm32f4xx_hal_dac.o(.text.HAL_DAC_ConfigChannel)
    HAL_DAC_Init                             0x080028f9   Thumb Code    40  stm32f4xx_hal_dac.o(.text.HAL_DAC_Init)
    HAL_DAC_MspInit                          0x08002921   Thumb Code   100  dac.o(.text.HAL_DAC_MspInit)
    HAL_DAC_SetValue                         0x08002985   Thumb Code    46  stm32f4xx_hal_dac.o(.text.HAL_DAC_SetValue)
    HAL_DAC_Start                            0x080029b5   Thumb Code   100  stm32f4xx_hal_dac.o(.text.HAL_DAC_Start)
    HAL_Delay                                0x08002a19   Thumb Code    40  stm32f4xx_hal.o(.text.HAL_Delay)
    HAL_GPIO_Init                            0x08002a41   Thumb Code   414  stm32f4xx_hal_gpio.o(.text.HAL_GPIO_Init)
    HAL_GPIO_ReadPin                         0x08002be1   Thumb Code    10  stm32f4xx_hal_gpio.o(.text.HAL_GPIO_ReadPin)
    HAL_GPIO_TogglePin                       0x08002bed   Thumb Code    16  stm32f4xx_hal_gpio.o(.text.HAL_GPIO_TogglePin)
    HAL_GPIO_WritePin                        0x08002bfd   Thumb Code    10  stm32f4xx_hal_gpio.o(.text.HAL_GPIO_WritePin)
    HAL_GetTick                              0x08002c09   Thumb Code    12  stm32f4xx_hal.o(.text.HAL_GetTick)
    HAL_I2C_Init                             0x08002c15   Thumb Code   356  stm32f4xx_hal_i2c.o(.text.HAL_I2C_Init)
    HAL_I2C_MspInit                          0x08002d79   Thumb Code   170  i2c.o(.text.HAL_I2C_MspInit)
    HAL_IncTick                              0x08002e25   Thumb Code    26  stm32f4xx_hal.o(.text.HAL_IncTick)
    HAL_Init                                 0x08002e41   Thumb Code    54  stm32f4xx_hal.o(.text.HAL_Init)
    HAL_InitTick                             0x08002e79   Thumb Code    72  stm32f4xx_hal.o(.text.HAL_InitTick)
    HAL_MspInit                              0x08002ec1   Thumb Code    56  stm32f4xx_hal_msp.o(.text.HAL_MspInit)
    HAL_NVIC_EnableIRQ                       0x08002ef9   Thumb Code    34  stm32f4xx_hal_cortex.o(.text.HAL_NVIC_EnableIRQ)
    HAL_NVIC_SetPriority                     0x08002f1d   Thumb Code    86  stm32f4xx_hal_cortex.o(.text.HAL_NVIC_SetPriority)
    HAL_NVIC_SetPriorityGrouping             0x08002f75   Thumb Code    32  stm32f4xx_hal_cortex.o(.text.HAL_NVIC_SetPriorityGrouping)
    HAL_RCC_ClockConfig                      0x08002f95   Thumb Code   356  stm32f4xx_hal_rcc.o(.text.HAL_RCC_ClockConfig)
    HAL_RCC_GetPCLK1Freq                     0x080030f9   Thumb Code    38  stm32f4xx_hal_rcc.o(.text.HAL_RCC_GetPCLK1Freq)
    HAL_RCC_GetPCLK2Freq                     0x08003121   Thumb Code    38  stm32f4xx_hal_rcc.o(.text.HAL_RCC_GetPCLK2Freq)
    HAL_RCC_GetSysClockFreq                  0x08003149   Thumb Code   106  stm32f4xx_hal_rcc.o(.text.HAL_RCC_GetSysClockFreq)
    HAL_RCC_OscConfig                        0x080031b5   Thumb Code   944  stm32f4xx_hal_rcc.o(.text.HAL_RCC_OscConfig)
    HAL_SPI_Init                             0x08003565   Thumb Code   180  stm32f4xx_hal_spi.o(.text.HAL_SPI_Init)
    HAL_SPI_MspInit                          0x08003619   Thumb Code   240  spi.o(.text.HAL_SPI_MspInit)
    HAL_SPI_Receive                          0x08003709   Thumb Code   512  stm32f4xx_hal_spi.o(.text.HAL_SPI_Receive)
    HAL_SPI_Transmit                         0x08003909   Thumb Code   634  stm32f4xx_hal_spi.o(.text.HAL_SPI_Transmit)
    HAL_SPI_TransmitReceive                  0x08003b85   Thumb Code   846  stm32f4xx_hal_spi.o(.text.HAL_SPI_TransmitReceive)
    HAL_SYSTICK_CLKSourceConfig              0x08003ed5   Thumb Code    24  stm32f4xx_hal_cortex.o(.text.HAL_SYSTICK_CLKSourceConfig)
    HAL_SYSTICK_Config                       0x08003eed   Thumb Code    44  stm32f4xx_hal_cortex.o(.text.HAL_SYSTICK_Config)
    HAL_TIMEx_BreakCallback                  0x08003f19   Thumb Code     2  stm32f4xx_hal_tim_ex.o(.text.HAL_TIMEx_BreakCallback)
    HAL_TIMEx_CommutCallback                 0x08003f1d   Thumb Code     2  stm32f4xx_hal_tim_ex.o(.text.HAL_TIMEx_CommutCallback)
    HAL_TIMEx_MasterConfigSynchronization    0x08003f21   Thumb Code   186  stm32f4xx_hal_tim_ex.o(.text.HAL_TIMEx_MasterConfigSynchronization)
    HAL_TIM_Base_Init                        0x08003fdd   Thumb Code    90  stm32f4xx_hal_tim.o(.text.HAL_TIM_Base_Init)
    HAL_TIM_Base_MspInit                     0x08004039   Thumb Code   166  tim.o(.text.HAL_TIM_Base_MspInit)
    HAL_TIM_Base_Start_IT                    0x080040e1   Thumb Code   170  stm32f4xx_hal_tim.o(.text.HAL_TIM_Base_Start_IT)
    HAL_TIM_ConfigClockSource                0x0800418d   Thumb Code   416  stm32f4xx_hal_tim.o(.text.HAL_TIM_ConfigClockSource)
    HAL_TIM_Encoder_Init                     0x0800432d   Thumb Code   178  stm32f4xx_hal_tim.o(.text.HAL_TIM_Encoder_Init)
    HAL_TIM_Encoder_MspInit                  0x080043e1   Thumb Code   188  tim.o(.text.HAL_TIM_Encoder_MspInit)
    HAL_TIM_Encoder_Start                    0x0800449d   Thumb Code   188  stm32f4xx_hal_tim.o(.text.HAL_TIM_Encoder_Start)
    HAL_TIM_IC_CaptureCallback               0x08004559   Thumb Code     2  stm32f4xx_hal_tim.o(.text.HAL_TIM_IC_CaptureCallback)
    HAL_TIM_IRQHandler                       0x0800455d   Thumb Code   334  stm32f4xx_hal_tim.o(.text.HAL_TIM_IRQHandler)
    HAL_TIM_OC_DelayElapsedCallback          0x080046ad   Thumb Code     2  stm32f4xx_hal_tim.o(.text.HAL_TIM_OC_DelayElapsedCallback)
    HAL_TIM_PWM_ConfigChannel                0x080046b1   Thumb Code   548  stm32f4xx_hal_tim.o(.text.HAL_TIM_PWM_ConfigChannel)
    HAL_TIM_PWM_Init                         0x080048d5   Thumb Code    90  stm32f4xx_hal_tim.o(.text.HAL_TIM_PWM_Init)
    HAL_TIM_PWM_MspInit                      0x08004931   Thumb Code     2  stm32f4xx_hal_tim.o(.text.HAL_TIM_PWM_MspInit)
    HAL_TIM_PWM_PulseFinishedCallback        0x08004935   Thumb Code     2  stm32f4xx_hal_tim.o(.text.HAL_TIM_PWM_PulseFinishedCallback)
    HAL_TIM_PWM_Start                        0x08004939   Thumb Code   286  stm32f4xx_hal_tim.o(.text.HAL_TIM_PWM_Start)
    HAL_TIM_PWM_Start_IT                     0x08004a59   Thumb Code   340  stm32f4xx_hal_tim.o(.text.HAL_TIM_PWM_Start_IT)
    HAL_TIM_PeriodElapsedCallback            0x08004bad   Thumb Code   192  motor.o(.text.HAL_TIM_PeriodElapsedCallback)
    HAL_TIM_TriggerCallback                  0x08004c75   Thumb Code     2  stm32f4xx_hal_tim.o(.text.HAL_TIM_TriggerCallback)
    HAL_UART_Init                            0x08004c79   Thumb Code    96  stm32f4xx_hal_uart.o(.text.HAL_UART_Init)
    HAL_UART_MspInit                         0x08004cd9   Thumb Code   368  usart.o(.text.HAL_UART_MspInit)
    HAL_UART_Transmit                        0x08004e49   Thumb Code   376  stm32f4xx_hal_uart.o(.text.HAL_UART_Transmit)
    HardFault_Handler                        0x08004fc1   Thumb Code     2  stm32f4xx_it.o(.text.HardFault_Handler)
    IMU_Update                               0x08004fc9   Thumb Code   864  imu660ra.o(.text.IMU_Update)
    LCD_Clear                                0x0800533d   Thumb Code   180  lcd.o(.text.LCD_Clear)
    LCD_DrawPoint                            0x080053f1   Thumb Code    68  lcd.o(.text.LCD_DrawPoint)
    LCD_Init                                 0x08005435   Thumb Code  1978  lcd.o(.text.LCD_Init)
    LCD_SetCursor                            0x08005bf1   Thumb Code     8  lcd.o(.text.LCD_SetCursor)
    LCD_SetWindows                           0x08005bf9   Thumb Code   282  lcd.o(.text.LCD_SetWindows)
    LCD_ShowChar                             0x08005d15   Thumb Code  1354  gui.o(.text.LCD_ShowChar)
    Lcd_WriteData_16Bit                      0x08006261   Thumb Code    52  lcd.o(.text.Lcd_WriteData_16Bit)
    MX_ADC1_Init                             0x08006295   Thumb Code   110  adc.o(.text.MX_ADC1_Init)
    MX_CAN1_Init                             0x08006305   Thumb Code    54  can.o(.text.MX_CAN1_Init)
    MX_DAC_Init                              0x0800633d   Thumb Code    68  dac.o(.text.MX_DAC_Init)
    MX_GPIO_Init                             0x08006381   Thumb Code   354  gpio.o(.text.MX_GPIO_Init)
    MX_I2C3_Init                             0x080064e5   Thumb Code    66  i2c.o(.text.MX_I2C3_Init)
    MX_SPI1_Init                             0x08006529   Thumb Code    70  spi.o(.text.MX_SPI1_Init)
    MX_SPI2_Init                             0x08006571   Thumb Code    82  spi.o(.text.MX_SPI2_Init)
    MX_TIM12_Init                            0x080065c5   Thumb Code   304  tim.o(.text.MX_TIM12_Init)
    MX_TIM1_Init                             0x080066f5   Thumb Code   118  tim.o(.text.MX_TIM1_Init)
    MX_TIM2_Init                             0x0800676d   Thumb Code    98  tim.o(.text.MX_TIM2_Init)
    MX_TIM4_Init                             0x080067d1   Thumb Code   102  tim.o(.text.MX_TIM4_Init)
    MX_TIM9_Init                             0x08006839   Thumb Code   304  tim.o(.text.MX_TIM9_Init)
    MX_UART4_Init                            0x08006969   Thumb Code    60  usart.o(.text.MX_UART4_Init)
    MX_USART1_UART_Init                      0x080069a5   Thumb Code    60  usart.o(.text.MX_USART1_UART_Init)
    MX_USART2_UART_Init                      0x080069e1   Thumb Code    60  usart.o(.text.MX_USART2_UART_Init)
    MX_USART3_UART_Init                      0x08006a1d   Thumb Code    60  usart.o(.text.MX_USART3_UART_Init)
    MemManage_Handler                        0x08006a59   Thumb Code     2  stm32f4xx_it.o(.text.MemManage_Handler)
    Menu_Back                                0x08006a5d   Thumb Code   162  menu.o(.text.Menu_Back)
    Menu_NavigateDown                        0x08006b01   Thumb Code   150  menu.o(.text.Menu_NavigateDown)
    Menu_NavigateUp                          0x08006b99   Thumb Code   144  menu.o(.text.Menu_NavigateUp)
    Menu_Select                              0x08006c29   Thumb Code   142  menu.o(.text.Menu_Select)
    NMI_Handler                              0x08006cb9   Thumb Code     2  stm32f4xx_it.o(.text.NMI_Handler)
    PendSV_Handler                           0x08006cbd   Thumb Code     2  stm32f4xx_it.o(.text.PendSV_Handler)
    SPI_Init                                 0x08006cc1   Thumb Code    20  my_spi.o(.text.SPI_Init)
    SPI_WriteByte                            0x08006df5   Thumb Code    60  my_spi.o(.text.SPI_WriteByte)
    SVC_Handler                              0x08006e31   Thumb Code     2  stm32f4xx_it.o(.text.SVC_Handler)
    Set_Pwm                                  0x08006e35   Thumb Code    98  motor.o(.text.Set_Pwm)
    Show_Str                                 0x08006e99   Thumb Code   246  gui.o(.text.Show_Str)
    SysTick_Handler                          0x08006f91   Thumb Code     4  stm32f4xx_it.o(.text.SysTick_Handler)
    SystemClock_Config                       0x08006f95   Thumb Code   168  main.o(.text.SystemClock_Config)
    SystemInit                               0x0800703d   Thumb Code    18  system_stm32f4xx.o(.text.SystemInit)
    TIM1_UP_TIM10_IRQHandler                 0x08007051   Thumb Code    12  stm32f4xx_it.o(.text.TIM1_UP_TIM10_IRQHandler)
    TIM_Base_SetConfig                       0x0800705d   Thumb Code   332  stm32f4xx_hal_tim.o(.text.TIM_Base_SetConfig)
    UsageFault_Handler                       0x08007299   Thumb Code     2  stm32f4xx_it.o(.text.UsageFault_Handler)
    _draw_circle_8                           0x0800729d   Thumb Code   178  gui.o(.text._draw_circle_8)
    delay_init                               0x08007351   Thumb Code    22  delay.o(.text.delay_init)
    fputc                                    0x08007369   Thumb Code    32  usart.o(.text.fputc)
    gui_circle                               0x08007389   Thumb Code   400  gui.o(.text.gui_circle)
    imu660ra_init                            0x08007519   Thumb Code   550  imu660ra.o(.text.imu660ra_init)
    key_1                                    0x08007741   Thumb Code    86  key.o(.text.key_1)
    key_2                                    0x08007799   Thumb Code    86  key.o(.text.key_2)
    key_3                                    0x080077f1   Thumb Code    82  key.o(.text.key_3)
    key_4                                    0x08007845   Thumb Code    82  key.o(.text.key_4)
    main                                     0x08007899   Thumb Code   868  main.o(.text.main)
    motor_int                                0x08007bfd   Thumb Code    78  motor.o(.text.motor_int)
    music_init                               0x08007c4d   Thumb Code   904  bee.o(.text.music_init)
    play_music                               0x08007fd5   Thumb Code   178  bee.o(.text.play_music)
    tone_init                                0x08008089   Thumb Code   128  bee.o(.text.tone_init)
    __0printf                                0x08008109   Thumb Code    22  printfa.o(i.__0printf)
    __1printf                                0x08008109   Thumb Code     0  printfa.o(i.__0printf)
    __2printf                                0x08008109   Thumb Code     0  printfa.o(i.__0printf)
    __c89printf                              0x08008109   Thumb Code     0  printfa.o(i.__0printf)
    printf                                   0x08008109   Thumb Code     0  printfa.o(i.__0printf)
    __0sprintf                               0x08008129   Thumb Code    34  printfa.o(i.__0sprintf)
    __1sprintf                               0x08008129   Thumb Code     0  printfa.o(i.__0sprintf)
    __2sprintf                               0x08008129   Thumb Code     0  printfa.o(i.__0sprintf)
    __c89sprintf                             0x08008129   Thumb Code     0  printfa.o(i.__0sprintf)
    sprintf                                  0x08008129   Thumb Code     0  printfa.o(i.__0sprintf)
    __ARM_fpclassify                         0x08008151   Thumb Code    48  fpclassify.o(i.__ARM_fpclassify)
    __hardfp_asin                            0x08008181   Thumb Code   770  asin.o(i.__hardfp_asin)
    __hardfp_atan                            0x080084e1   Thumb Code   622  atan.o(i.__hardfp_atan)
    __hardfp_atan2                           0x080087b9   Thumb Code   448  atan2.o(i.__hardfp_atan2)
    __kernel_poly                            0x080089b9   Thumb Code   248  poly.o(i.__kernel_poly)
    __mathlib_dbl_infnan                     0x08008ab1   Thumb Code    20  dunder.o(i.__mathlib_dbl_infnan)
    __mathlib_dbl_infnan2                    0x08008ac5   Thumb Code    20  dunder.o(i.__mathlib_dbl_infnan2)
    __mathlib_dbl_invalid                    0x08008ad9   Thumb Code    24  dunder.o(i.__mathlib_dbl_invalid)
    __mathlib_dbl_underflow                  0x08008af9   Thumb Code    24  dunder.o(i.__mathlib_dbl_underflow)
    __scatterload_copy                       0x08008b19   Thumb Code    14  handlers.o(i.__scatterload_copy)
    __scatterload_null                       0x08008b27   Thumb Code     2  handlers.o(i.__scatterload_null)
    __scatterload_zeroinit                   0x08008b29   Thumb Code    14  handlers.o(i.__scatterload_zeroinit)
    __set_errno                              0x08008b39   Thumb Code     6  errno.o(i.__set_errno)
    atan                                     0x08009401   Thumb Code    16  atan.o(i.atan)
    fabs                                     0x08009411   Thumb Code    24  fabs.o(i.fabs)
    sqrt                                     0x08009429   Thumb Code   110  sqrt.o(i.sqrt)
    __mathlib_zero                           0x08009580   Data           8  qnan.o(.constdata)
    AHBPrescTable                            0x08009f80   Data          16  system_stm32f4xx.o(.rodata.AHBPrescTable)
    APBPrescTable                            0x08009f90   Data           8  system_stm32f4xx.o(.rodata.APBPrescTable)
    asc2_1206                                0x08009f98   Data        1140  gui.o(.rodata.asc2_1206)
    asc2_1608                                0x0800a40c   Data        1520  gui.o(.rodata.asc2_1608)
    imu660ra_config_file                     0x0800aa1c   Data        8192  imu660ra.o(.rodata.imu660ra_config_file)
    tfont16                                  0x0800cabb   Data        2108  gui.o(.rodata.tfont16)
    tfont24                                  0x0800d2f7   Data         518  gui.o(.rodata.tfont24)
    tfont32                                  0x0800d4fd   Data         520  gui.o(.rodata.tfont32)
    Region$$Table$$Base                      0x0800d708   Number         0  anon$$obj.o(Region$$Table)
    Region$$Table$$Limit                     0x0800d728   Number         0  anon$$obj.o(Region$$Table)
    __stdout                                 0x20000000   Data           4  stdout.o(.data)
    ball_x                                   0x20000008   Data           4  main.o(.data..L_MergedGlobals)
    ball_y                                   0x2000000c   Data           4  main.o(.data..L_MergedGlobals)
    uwTickFreq                               0x20000010   Data           1  stm32f4xx_hal.o(.data..L_MergedGlobals)
    uwTickPrio                               0x20000014   Data           4  stm32f4xx_hal.o(.data..L_MergedGlobals)
    Beat_num                                 0x20000018   Data           4  motor.o(.data.Beat_num)
    Beat_speed                               0x2000001c   Data           4  motor.o(.data.Beat_speed)
    SystemCoreClock                          0x20000020   Data           4  system_stm32f4xx.o(.data.SystemCoreClock)
    duoji                                    0x20000024   Data           4  main.o(.data.duoji)
    imu660ra_transition_factor               0x20000028   Data           8  imu660ra.o(.data.imu660ra_transition_factor)
    q0                                       0x20000030   Data           4  imu660ra.o(.data.q0)
    key_flag                                 0x20000038   Data           4  key.o(.bss..L_MergedGlobals)
    moshi                                    0x2000003c   Data           4  key.o(.bss..L_MergedGlobals)
    tone                                     0x20000044   Data          96  bee.o(.bss..L_MergedGlobals)
    time_100ms_cnt                           0x200000a4   Data           4  motor.o(.bss..L_MergedGlobals)
    Beat_speed_n                             0x200000a8   Data           4  motor.o(.bss..L_MergedGlobals)
    flag                                     0x200000ac   Data           4  motor.o(.bss..L_MergedGlobals)
    EN                                       0x200000b0   Data           4  motor.o(.bss..L_MergedGlobals)
    time_100ms_cnt_1                         0x200000b4   Data           4  motor.o(.bss..L_MergedGlobals)
    adc_L                                    0x200000b8   Data           4  motor.o(.bss..L_MergedGlobals)
    adc_R                                    0x200000bc   Data           4  motor.o(.bss..L_MergedGlobals)
    adcread_R                                0x200000c0   Data           4  motor.o(.bss..L_MergedGlobals)
    adcread_L                                0x200000c4   Data           4  motor.o(.bss..L_MergedGlobals)
    imu660ra_gyro_x                          0x200000c8   Data           2  imu660ra.o(.bss..L_MergedGlobals)
    imu660ra_gyro_y                          0x200000ca   Data           2  imu660ra.o(.bss..L_MergedGlobals)
    imu660ra_gyro_z                          0x200000cc   Data           2  imu660ra.o(.bss..L_MergedGlobals)
    imu660ra_acc_x                           0x200000ce   Data           2  imu660ra.o(.bss..L_MergedGlobals)
    imu660ra_acc_y                           0x200000d0   Data           2  imu660ra.o(.bss..L_MergedGlobals)
    imu660ra_acc_z                           0x200000d2   Data           2  imu660ra.o(.bss..L_MergedGlobals)
    q1                                       0x200000d4   Data           4  imu660ra.o(.bss..L_MergedGlobals)
    q2                                       0x200000d8   Data           4  imu660ra.o(.bss..L_MergedGlobals)
    q3                                       0x200000dc   Data           4  imu660ra.o(.bss..L_MergedGlobals)
    exInt                                    0x200000e0   Data           4  imu660ra.o(.bss..L_MergedGlobals)
    eyInt                                    0x200000e4   Data           4  imu660ra.o(.bss..L_MergedGlobals)
    ezInt                                    0x200000e8   Data           4  imu660ra.o(.bss..L_MergedGlobals)
    pit                                      0x200000ec   Data           4  imu660ra.o(.bss..L_MergedGlobals)
    rol                                      0x200000f0   Data           4  imu660ra.o(.bss..L_MergedGlobals)
    yaw                                      0x200000f4   Data           4  imu660ra.o(.bss..L_MergedGlobals)
    led_flag                                 0x200000f8   Data           1  main.o(.bss..L_MergedGlobals.23)
    adc_value                                0x200000fa   Data           2  main.o(.bss..L_MergedGlobals.23)
    music1                                   0x200000fc   Data           4  main.o(.bss..L_MergedGlobals.23)
    motor_speed                              0x20000100   Data           4  main.o(.bss..L_MergedGlobals.23)
    led_time                                 0x20000104   Data           4  main.o(.bss..L_MergedGlobals.23)
    mainmenu                                 0x20000108   Data          28  main.o(.bss..L_MergedGlobals.23)
    str                                      0x20000124   Data          80  main.o(.bss..L_MergedGlobals.23)
    POINT_COLOR                              0x20000174   Data           2  lcd.o(.bss.POINT_COLOR)
    hadc1                                    0x2000017c   Data          72  adc.o(.bss.hadc1)
    hcan1                                    0x200001c4   Data          40  can.o(.bss.hcan1)
    hdac                                     0x200001ec   Data          20  dac.o(.bss.hdac)
    hi2c3                                    0x20000200   Data          84  i2c.o(.bss.hi2c3)
    hspi1                                    0x20000254   Data          88  spi.o(.bss.hspi1)
    hspi2                                    0x200002ac   Data          88  spi.o(.bss.hspi2)
    htim1                                    0x20000304   Data          72  tim.o(.bss.htim1)
    htim12                                   0x2000034c   Data          72  tim.o(.bss.htim12)
    htim2                                    0x20000394   Data          72  tim.o(.bss.htim2)
    htim4                                    0x200003dc   Data          72  tim.o(.bss.htim4)
    htim9                                    0x20000424   Data          72  tim.o(.bss.htim9)
    huart1                                   0x2000046c   Data          72  usart.o(.bss.huart1)
    huart2                                   0x200004b4   Data          72  usart.o(.bss.huart2)
    huart3                                   0x200004fc   Data          72  usart.o(.bss.huart3)
    huart4                                   0x20000544   Data          72  usart.o(.bss.huart4)
    lcddev                                   0x2000058c   Data          14  lcd.o(.bss.lcddev)
    list_max                                 0x2000059c   Data           4  motor.o(.bss.list_max)
    music                                    0x200005a0   Data       61400  bee.o(.bss.music)
    uwTick                                   0x2000f578   Data           4  stm32f4xx_hal.o(.bss.uwTick)
    __initial_sp                             0x2000f980   Data           0  startup_stm32f407xx.o(STACK)



==============================================================================

Memory Map of the image

  Image Entry point : 0x08000189

  Load Region LR_IROM1 (Base: 0x08000000, Size: 0x0000d760, Max: 0x00080000, ABSOLUTE)

    Execution Region ER_IROM1 (Exec base: 0x08000000, Load base: 0x08000000, Size: 0x0000d728, Max: 0x00080000, ABSOLUTE)

    Exec Addr    Load Addr    Size         Type   Attr      Idx    E Section Name        Object

    0x08000000   0x08000000   0x00000188   Data   RO            3    RESET               startup_stm32f407xx.o
    0x08000188   0x08000188   0x00000000   Code   RO         1872  * .ARM.Collect$$$$00000000  mc_w.l(entry.o)
    0x08000188   0x08000188   0x00000004   Code   RO         2200    .ARM.Collect$$$$00000001  mc_w.l(entry2.o)
    0x0800018c   0x0800018c   0x00000004   Code   RO         2203    .ARM.Collect$$$$00000004  mc_w.l(entry5.o)
    0x08000190   0x08000190   0x00000000   Code   RO         2205    .ARM.Collect$$$$00000008  mc_w.l(entry7b.o)
    0x08000190   0x08000190   0x00000000   Code   RO         2207    .ARM.Collect$$$$0000000A  mc_w.l(entry8b.o)
    0x08000190   0x08000190   0x00000008   Code   RO         2208    .ARM.Collect$$$$0000000B  mc_w.l(entry9a.o)
    0x08000198   0x08000198   0x00000000   Code   RO         2210    .ARM.Collect$$$$0000000D  mc_w.l(entry10a.o)
    0x08000198   0x08000198   0x00000000   Code   RO         2212    .ARM.Collect$$$$0000000F  mc_w.l(entry11a.o)
    0x08000198   0x08000198   0x00000004   Code   RO         2201    .ARM.Collect$$$$00002712  mc_w.l(entry2.o)
    0x0800019c   0x0800019c   0x00000024   Code   RO            4    .text               startup_stm32f407xx.o
    0x080001c0   0x080001c0   0x00000062   Code   RO         1875    .text               mc_w.l(uldiv.o)
    0x08000222   0x08000222   0x00000024   Code   RO         1877    .text               mc_w.l(memcpya.o)
    0x08000246   0x08000246   0x0000000e   Code   RO         1879    .text               mc_w.l(strlen.o)
    0x08000254   0x08000254   0x0000014e   Code   RO         2144    .text               mf_w.l(dadd.o)
    0x080003a2   0x080003a2   0x000000e4   Code   RO         2146    .text               mf_w.l(dmul.o)
    0x08000486   0x08000486   0x000000de   Code   RO         2148    .text               mf_w.l(ddiv.o)
    0x08000564   0x08000564   0x00000022   Code   RO         2150    .text               mf_w.l(dflti.o)
    0x08000586   0x08000586   0x0000001a   Code   RO         2152    .text               mf_w.l(dfltui.o)
    0x080005a0   0x080005a0   0x0000003e   Code   RO         2154    .text               mf_w.l(dfixi.o)
    0x080005de   0x080005de   0x00000032   Code   RO         2156    .text               mf_w.l(dfixui.o)
    0x08000610   0x08000610   0x00000026   Code   RO         2158    .text               mf_w.l(f2d.o)
    0x08000636   0x08000636   0x00000038   Code   RO         2160    .text               mf_w.l(d2f.o)
    0x0800066e   0x0800066e   0x0000002c   Code   RO         2224    .text               mc_w.l(uidiv.o)
    0x0800069a   0x0800069a   0x0000001e   Code   RO         2226    .text               mc_w.l(llshl.o)
    0x080006b8   0x080006b8   0x00000020   Code   RO         2228    .text               mc_w.l(llushr.o)
    0x080006d8   0x080006d8   0x00000024   Code   RO         2230    .text               mc_w.l(llsshr.o)
    0x080006fc   0x080006fc   0x00000000   Code   RO         2239    .text               mc_w.l(iusefp.o)
    0x080006fc   0x080006fc   0x0000006e   Code   RO         2240    .text               mf_w.l(fepilogue.o)
    0x0800076a   0x0800076a   0x000000ba   Code   RO         2242    .text               mf_w.l(depilogue.o)
    0x08000824   0x08000824   0x00000030   Code   RO         2246    .text               mf_w.l(dfixul.o)
    0x08000854   0x08000854   0x00000030   Code   RO         2248    .text               mf_w.l(cdcmple.o)
    0x08000884   0x08000884   0x00000030   Code   RO         2250    .text               mf_w.l(cdrcmple.o)
    0x080008b4   0x080008b4   0x00000030   Code   RO         2252    .text               mc_w.l(init.o)
    0x080008e4   0x080008e4   0x000000a2   Code   RO         2254    .text               mf_w.l(dsqrt.o)
    0x08000986   0x08000986   0x00000002   PAD
    0x08000988   0x08000988   0x00000002   Code   RO          223    .text.BusFault_Handler  stm32f4xx_it.o
    0x0800098a   0x0800098a   0x00000002   PAD
    0x0800098c   0x0800098c   0x00000002   Code   RO          229    .text.DebugMon_Handler  stm32f4xx_it.o
    0x0800098e   0x0800098e   0x00000002   PAD
    0x08000990   0x08000990   0x00000006   Code   RO           43    .text.Error_Handler  main.o
    0x08000996   0x08000996   0x00000002   PAD
    0x08000998   0x08000998   0x00000116   Code   RO           13    .text.Function1     main.o
    0x08000aae   0x08000aae   0x00000002   PAD
    0x08000ab0   0x08000ab0   0x00000124   Code   RO           25    .text.Function1_1   main.o
    0x08000bd4   0x08000bd4   0x00000116   Code   RO           15    .text.Function2     main.o
    0x08000cea   0x08000cea   0x00000002   PAD
    0x08000cec   0x08000cec   0x000000fc   Code   RO           27    .text.Function2_1   main.o
    0x08000de8   0x08000de8   0x00000116   Code   RO           17    .text.Function3     main.o
    0x08000efe   0x08000efe   0x00000002   PAD
    0x08000f00   0x08000f00   0x00000100   Code   RO           29    .text.Function3_1   main.o
    0x08001000   0x08001000   0x00000116   Code   RO           19    .text.Function4     main.o
    0x08001116   0x08001116   0x00000002   PAD
    0x08001118   0x08001118   0x00000148   Code   RO           31    .text.Function4_1   main.o
    0x08001260   0x08001260   0x00000116   Code   RO           21    .text.Function5     main.o
    0x08001376   0x08001376   0x00000002   PAD
    0x08001378   0x08001378   0x000000c8   Code   RO           33    .text.Function5_1   main.o
    0x08001440   0x08001440   0x00000116   Code   RO           23    .text.Function6     main.o
    0x08001556   0x08001556   0x00000002   PAD
    0x08001558   0x08001558   0x00000158   Code   RO           37    .text.Function6_1   main.o
    0x080016b0   0x080016b0   0x000002d2   Code   RO         1633    .text.GUI_DrawFont16  gui.o
    0x08001982   0x08001982   0x00000002   PAD
    0x08001984   0x08001984   0x000002d6   Code   RO         1635    .text.GUI_DrawFont24  gui.o
    0x08001c5a   0x08001c5a   0x00000002   PAD
    0x08001c5c   0x08001c5c   0x0000045a   Code   RO         1637    .text.GUI_DrawFont32  gui.o
    0x080020b6   0x080020b6   0x00000002   PAD
    0x080020b8   0x080020b8   0x000000bc   Code   RO         1838    .text.Get_Angle     imu660ra.o
    0x08002174   0x08002174   0x00000052   Code   RO         1641    .text.Gui_StrCenter  gui.o
    0x080021c6   0x080021c6   0x00000002   PAD
    0x080021c8   0x080021c8   0x00000146   Code   RO          294    .text.HAL_ADC_ConfigChannel  stm32f4xx_hal_adc.o
    0x0800230e   0x0800230e   0x00000002   PAD
    0x08002310   0x08002310   0x00000006   Code   RO          290    .text.HAL_ADC_GetValue  stm32f4xx_hal_adc.o
    0x08002316   0x08002316   0x00000002   PAD
    0x08002318   0x08002318   0x0000015e   Code   RO          252    .text.HAL_ADC_Init  stm32f4xx_hal_adc.o
    0x08002476   0x08002476   0x00000002   PAD
    0x08002478   0x08002478   0x00000064   Code   RO           80    .text.HAL_ADC_MspInit  adc.o
    0x080024dc   0x080024dc   0x000000fe   Code   RO          264    .text.HAL_ADC_PollForConversion  stm32f4xx_hal_adc.o
    0x080025da   0x080025da   0x00000002   PAD
    0x080025dc   0x080025dc   0x0000015a   Code   RO          260    .text.HAL_ADC_Start  stm32f4xx_hal_adc.o
    0x08002736   0x08002736   0x00000002   PAD
    0x08002738   0x08002738   0x000000f4   Code   RO          734    .text.HAL_CAN_Init  stm32f4xx_hal_can.o
    0x0800282c   0x0800282c   0x0000006c   Code   RO           95    .text.HAL_CAN_MspInit  can.o
    0x08002898   0x08002898   0x00000060   Code   RO          850    .text.HAL_DAC_ConfigChannel  stm32f4xx_hal_dac.o
    0x080028f8   0x080028f8   0x00000028   Code   RO          814    .text.HAL_DAC_Init  stm32f4xx_hal_dac.o
    0x08002920   0x08002920   0x00000064   Code   RO          110    .text.HAL_DAC_MspInit  dac.o
    0x08002984   0x08002984   0x0000002e   Code   RO          840    .text.HAL_DAC_SetValue  stm32f4xx_hal_dac.o
    0x080029b2   0x080029b2   0x00000002   PAD
    0x080029b4   0x080029b4   0x00000064   Code   RO          822    .text.HAL_DAC_Start  stm32f4xx_hal_dac.o
    0x08002a18   0x08002a18   0x00000028   Code   RO          664    .text.HAL_Delay     stm32f4xx_hal.o
    0x08002a40   0x08002a40   0x0000019e   Code   RO          459    .text.HAL_GPIO_Init  stm32f4xx_hal_gpio.o
    0x08002bde   0x08002bde   0x00000002   PAD
    0x08002be0   0x08002be0   0x0000000a   Code   RO          463    .text.HAL_GPIO_ReadPin  stm32f4xx_hal_gpio.o
    0x08002bea   0x08002bea   0x00000002   PAD
    0x08002bec   0x08002bec   0x00000010   Code   RO          467    .text.HAL_GPIO_TogglePin  stm32f4xx_hal_gpio.o
    0x08002bfc   0x08002bfc   0x0000000a   Code   RO          465    .text.HAL_GPIO_WritePin  stm32f4xx_hal_gpio.o
    0x08002c06   0x08002c06   0x00000002   PAD
    0x08002c08   0x08002c08   0x0000000c   Code   RO          656    .text.HAL_GetTick   stm32f4xx_hal.o
    0x08002c14   0x08002c14   0x00000164   Code   RO          898    .text.HAL_I2C_Init  stm32f4xx_hal_i2c.o
    0x08002d78   0x08002d78   0x000000aa   Code   RO          125    .text.HAL_I2C_MspInit  i2c.o
    0x08002e22   0x08002e22   0x00000002   PAD
    0x08002e24   0x08002e24   0x0000001a   Code   RO          654    .text.HAL_IncTick   stm32f4xx_hal.o
    0x08002e3e   0x08002e3e   0x00000002   PAD
    0x08002e40   0x08002e40   0x00000036   Code   RO          644    .text.HAL_Init      stm32f4xx_hal.o
    0x08002e76   0x08002e76   0x00000002   PAD
    0x08002e78   0x08002e78   0x00000048   Code   RO          646    .text.HAL_InitTick  stm32f4xx_hal.o
    0x08002ec0   0x08002ec0   0x00000038   Code   RO          244    .text.HAL_MspInit   stm32f4xx_hal_msp.o
    0x08002ef8   0x08002ef8   0x00000022   Code   RO          596    .text.HAL_NVIC_EnableIRQ  stm32f4xx_hal_cortex.o
    0x08002f1a   0x08002f1a   0x00000002   PAD
    0x08002f1c   0x08002f1c   0x00000056   Code   RO          594    .text.HAL_NVIC_SetPriority  stm32f4xx_hal_cortex.o
    0x08002f72   0x08002f72   0x00000002   PAD
    0x08002f74   0x08002f74   0x00000020   Code   RO          592    .text.HAL_NVIC_SetPriorityGrouping  stm32f4xx_hal_cortex.o
    0x08002f94   0x08002f94   0x00000164   Code   RO          353    .text.HAL_RCC_ClockConfig  stm32f4xx_hal_rcc.o
    0x080030f8   0x080030f8   0x00000026   Code   RO          365    .text.HAL_RCC_GetPCLK1Freq  stm32f4xx_hal_rcc.o
    0x0800311e   0x0800311e   0x00000002   PAD
    0x08003120   0x08003120   0x00000026   Code   RO          367    .text.HAL_RCC_GetPCLK2Freq  stm32f4xx_hal_rcc.o
    0x08003146   0x08003146   0x00000002   PAD
    0x08003148   0x08003148   0x0000006a   Code   RO          355    .text.HAL_RCC_GetSysClockFreq  stm32f4xx_hal_rcc.o
    0x080031b2   0x080031b2   0x00000002   PAD
    0x080031b4   0x080031b4   0x000003b0   Code   RO          351    .text.HAL_RCC_OscConfig  stm32f4xx_hal_rcc.o
    0x08003564   0x08003564   0x000000b4   Code   RO         1037    .text.HAL_SPI_Init  stm32f4xx_hal_spi.o
    0x08003618   0x08003618   0x000000f0   Code   RO          142    .text.HAL_SPI_MspInit  spi.o
    0x08003708   0x08003708   0x00000200   Code   RO         1047    .text.HAL_SPI_Receive  stm32f4xx_hal_spi.o
    0x08003908   0x08003908   0x0000027a   Code   RO         1045    .text.HAL_SPI_Transmit  stm32f4xx_hal_spi.o
    0x08003b82   0x08003b82   0x00000002   PAD
    0x08003b84   0x08003b84   0x0000034e   Code   RO         1049    .text.HAL_SPI_TransmitReceive  stm32f4xx_hal_spi.o
    0x08003ed2   0x08003ed2   0x00000002   PAD
    0x08003ed4   0x08003ed4   0x00000018   Code   RO          630    .text.HAL_SYSTICK_CLKSourceConfig  stm32f4xx_hal_cortex.o
    0x08003eec   0x08003eec   0x0000002c   Code   RO          604    .text.HAL_SYSTICK_Config  stm32f4xx_hal_cortex.o
    0x08003f18   0x08003f18   0x00000002   Code   RO         1456    .text.HAL_TIMEx_BreakCallback  stm32f4xx_hal_tim_ex.o
    0x08003f1a   0x08003f1a   0x00000002   PAD
    0x08003f1c   0x08003f1c   0x00000002   Code   RO         1452    .text.HAL_TIMEx_CommutCallback  stm32f4xx_hal_tim_ex.o
    0x08003f1e   0x08003f1e   0x00000002   PAD
    0x08003f20   0x08003f20   0x000000ba   Code   RO         1446    .text.HAL_TIMEx_MasterConfigSynchronization  stm32f4xx_hal_tim_ex.o
    0x08003fda   0x08003fda   0x00000002   PAD
    0x08003fdc   0x08003fdc   0x0000005a   Code   RO         1151    .text.HAL_TIM_Base_Init  stm32f4xx_hal_tim.o
    0x08004036   0x08004036   0x00000002   PAD
    0x08004038   0x08004038   0x000000a6   Code   RO          168    .text.HAL_TIM_Base_MspInit  tim.o
    0x080040de   0x080040de   0x00000002   PAD
    0x080040e0   0x080040e0   0x000000aa   Code   RO         1165    .text.HAL_TIM_Base_Start_IT  stm32f4xx_hal_tim.o
    0x0800418a   0x0800418a   0x00000002   PAD
    0x0800418c   0x0800418c   0x000001a0   Code   RO         1331    .text.HAL_TIM_ConfigClockSource  stm32f4xx_hal_tim.o
    0x0800432c   0x0800432c   0x000000b2   Code   RO         1265    .text.HAL_TIM_Encoder_Init  stm32f4xx_hal_tim.o
    0x080043de   0x080043de   0x00000002   PAD
    0x080043e0   0x080043e0   0x000000bc   Code   RO          170    .text.HAL_TIM_Encoder_MspInit  tim.o
    0x0800449c   0x0800449c   0x000000bc   Code   RO         1273    .text.HAL_TIM_Encoder_Start  stm32f4xx_hal_tim.o
    0x08004558   0x08004558   0x00000002   Code   RO         1287    .text.HAL_TIM_IC_CaptureCallback  stm32f4xx_hal_tim.o
    0x0800455a   0x0800455a   0x00000002   PAD
    0x0800455c   0x0800455c   0x0000014e   Code   RO         1285    .text.HAL_TIM_IRQHandler  stm32f4xx_hal_tim.o
    0x080046aa   0x080046aa   0x00000002   PAD
    0x080046ac   0x080046ac   0x00000002   Code   RO         1289    .text.HAL_TIM_OC_DelayElapsedCallback  stm32f4xx_hal_tim.o
    0x080046ae   0x080046ae   0x00000002   PAD
    0x080046b0   0x080046b0   0x00000224   Code   RO         1305    .text.HAL_TIM_PWM_ConfigChannel  stm32f4xx_hal_tim.o
    0x080048d4   0x080048d4   0x0000005a   Code   RO         1205    .text.HAL_TIM_PWM_Init  stm32f4xx_hal_tim.o
    0x0800492e   0x0800492e   0x00000002   PAD
    0x08004930   0x08004930   0x00000002   Code   RO         1207    .text.HAL_TIM_PWM_MspInit  stm32f4xx_hal_tim.o
    0x08004932   0x08004932   0x00000002   PAD
    0x08004934   0x08004934   0x00000002   Code   RO         1291    .text.HAL_TIM_PWM_PulseFinishedCallback  stm32f4xx_hal_tim.o
    0x08004936   0x08004936   0x00000002   PAD
    0x08004938   0x08004938   0x0000011e   Code   RO         1213    .text.HAL_TIM_PWM_Start  stm32f4xx_hal_tim.o
    0x08004a56   0x08004a56   0x00000002   PAD
    0x08004a58   0x08004a58   0x00000154   Code   RO         1217    .text.HAL_TIM_PWM_Start_IT  stm32f4xx_hal_tim.o
    0x08004bac   0x08004bac   0x000000c8   Code   RO         1768    .text.HAL_TIM_PeriodElapsedCallback  motor.o
    0x08004c74   0x08004c74   0x00000002   Code   RO         1295    .text.HAL_TIM_TriggerCallback  stm32f4xx_hal_tim.o
    0x08004c76   0x08004c76   0x00000002   PAD
    0x08004c78   0x08004c78   0x00000060   Code   RO         1470    .text.HAL_UART_Init  stm32f4xx_hal_uart.o
    0x08004cd8   0x08004cd8   0x00000170   Code   RO          197    .text.HAL_UART_MspInit  usart.o
    0x08004e48   0x08004e48   0x00000178   Code   RO         1486    .text.HAL_UART_Transmit  stm32f4xx_hal_uart.o
    0x08004fc0   0x08004fc0   0x00000002   Code   RO          219    .text.HardFault_Handler  stm32f4xx_it.o
    0x08004fc2   0x08004fc2   0x00000006   PAD
    0x08004fc8   0x08004fc8   0x00000374   Code   RO         1836    .text.IMU_Update    imu660ra.o
    0x0800533c   0x0800533c   0x000000b4   Code   RO         1672    .text.LCD_Clear     lcd.o
    0x080053f0   0x080053f0   0x00000044   Code   RO         1668    .text.LCD_DrawPoint  lcd.o
    0x08005434   0x08005434   0x000007ba   Code   RO         1678    .text.LCD_Init      lcd.o
    0x08005bee   0x08005bee   0x00000002   PAD
    0x08005bf0   0x08005bf0   0x00000008   Code   RO         1670    .text.LCD_SetCursor  lcd.o
    0x08005bf8   0x08005bf8   0x0000011a   Code   RO         1674    .text.LCD_SetWindows  lcd.o
    0x08005d12   0x08005d12   0x00000002   PAD
    0x08005d14   0x08005d14   0x0000054a   Code   RO         1625    .text.LCD_ShowChar  gui.o
    0x0800625e   0x0800625e   0x00000002   PAD
    0x08006260   0x08006260   0x00000034   Code   RO         1666    .text.Lcd_WriteData_16Bit  lcd.o
    0x08006294   0x08006294   0x0000006e   Code   RO           78    .text.MX_ADC1_Init  adc.o
    0x08006302   0x08006302   0x00000002   PAD
    0x08006304   0x08006304   0x00000036   Code   RO           93    .text.MX_CAN1_Init  can.o
    0x0800633a   0x0800633a   0x00000002   PAD
    0x0800633c   0x0800633c   0x00000044   Code   RO          108    .text.MX_DAC_Init   dac.o
    0x08006380   0x08006380   0x00000162   Code   RO           68    .text.MX_GPIO_Init  gpio.o
    0x080064e2   0x080064e2   0x00000002   PAD
    0x080064e4   0x080064e4   0x00000042   Code   RO          123    .text.MX_I2C3_Init  i2c.o
    0x08006526   0x08006526   0x00000002   PAD
    0x08006528   0x08006528   0x00000046   Code   RO          138    .text.MX_SPI1_Init  spi.o
    0x0800656e   0x0800656e   0x00000002   PAD
    0x08006570   0x08006570   0x00000052   Code   RO          140    .text.MX_SPI2_Init  spi.o
    0x080065c2   0x080065c2   0x00000002   PAD
    0x080065c4   0x080065c4   0x00000130   Code   RO          166    .text.MX_TIM12_Init  tim.o
    0x080066f4   0x080066f4   0x00000076   Code   RO          156    .text.MX_TIM1_Init  tim.o
    0x0800676a   0x0800676a   0x00000002   PAD
    0x0800676c   0x0800676c   0x00000062   Code   RO          158    .text.MX_TIM2_Init  tim.o
    0x080067ce   0x080067ce   0x00000002   PAD
    0x080067d0   0x080067d0   0x00000066   Code   RO          160    .text.MX_TIM4_Init  tim.o
    0x08006836   0x08006836   0x00000002   PAD
    0x08006838   0x08006838   0x00000130   Code   RO          162    .text.MX_TIM9_Init  tim.o
    0x08006968   0x08006968   0x0000003c   Code   RO          189    .text.MX_UART4_Init  usart.o
    0x080069a4   0x080069a4   0x0000003c   Code   RO          191    .text.MX_USART1_UART_Init  usart.o
    0x080069e0   0x080069e0   0x0000003c   Code   RO          193    .text.MX_USART2_UART_Init  usart.o
    0x08006a1c   0x08006a1c   0x0000003c   Code   RO          195    .text.MX_USART3_UART_Init  usart.o
    0x08006a58   0x08006a58   0x00000002   Code   RO          221    .text.MemManage_Handler  stm32f4xx_it.o
    0x08006a5a   0x08006a5a   0x00000002   PAD
    0x08006a5c   0x08006a5c   0x000000a2   Code   RO         1798    .text.Menu_Back     menu.o
    0x08006afe   0x08006afe   0x00000002   PAD
    0x08006b00   0x08006b00   0x00000096   Code   RO         1794    .text.Menu_NavigateDown  menu.o
    0x08006b96   0x08006b96   0x00000002   PAD
    0x08006b98   0x08006b98   0x00000090   Code   RO         1792    .text.Menu_NavigateUp  menu.o
    0x08006c28   0x08006c28   0x0000008e   Code   RO         1796    .text.Menu_Select   menu.o
    0x08006cb6   0x08006cb6   0x00000002   PAD
    0x08006cb8   0x08006cb8   0x00000002   Code   RO          217    .text.NMI_Handler   stm32f4xx_it.o
    0x08006cba   0x08006cba   0x00000002   PAD
    0x08006cbc   0x08006cbc   0x00000002   Code   RO          231    .text.PendSV_Handler  stm32f4xx_it.o
    0x08006cbe   0x08006cbe   0x00000002   PAD
    0x08006cc0   0x08006cc0   0x00000014   Code   RO         1698    .text.SPI_Init      my_spi.o
    0x08006cd4   0x08006cd4   0x00000120   Code   RO         1141    .text.SPI_WaitFlagStateUntilTimeout  stm32f4xx_hal_spi.o
    0x08006df4   0x08006df4   0x0000003c   Code   RO         1694    .text.SPI_WriteByte  my_spi.o
    0x08006e30   0x08006e30   0x00000002   Code   RO          227    .text.SVC_Handler   stm32f4xx_it.o
    0x08006e32   0x08006e32   0x00000002   PAD
    0x08006e34   0x08006e34   0x00000062   Code   RO         1774    .text.Set_Pwm       motor.o
    0x08006e96   0x08006e96   0x00000002   PAD
    0x08006e98   0x08006e98   0x000000f6   Code   RO         1639    .text.Show_Str      gui.o
    0x08006f8e   0x08006f8e   0x00000002   PAD
    0x08006f90   0x08006f90   0x00000004   Code   RO          233    .text.SysTick_Handler  stm32f4xx_it.o
    0x08006f94   0x08006f94   0x000000a8   Code   RO           41    .text.SystemClock_Config  main.o
    0x0800703c   0x0800703c   0x00000012   Code   RO         1592    .text.SystemInit    system_stm32f4xx.o
    0x0800704e   0x0800704e   0x00000002   PAD
    0x08007050   0x08007050   0x0000000c   Code   RO          235    .text.TIM1_UP_TIM10_IRQHandler  stm32f4xx_it.o
    0x0800705c   0x0800705c   0x0000014c   Code   RO         1155    .text.TIM_Base_SetConfig  stm32f4xx_hal_tim.o
    0x080071a8   0x080071a8   0x000000ee   Code   RO         1474    .text.UART_SetConfig  stm32f4xx_hal_uart.o
    0x08007296   0x08007296   0x00000002   PAD
    0x08007298   0x08007298   0x00000002   Code   RO          225    .text.UsageFault_Handler  stm32f4xx_it.o
    0x0800729a   0x0800729a   0x00000002   PAD
    0x0800729c   0x0800729c   0x000000b2   Code   RO         1617    .text._draw_circle_8  gui.o
    0x0800734e   0x0800734e   0x00000002   PAD
    0x08007350   0x08007350   0x00000016   Code   RO         1807    .text.delay_init    delay.o
    0x08007366   0x08007366   0x00000002   PAD
    0x08007368   0x08007368   0x00000020   Code   RO          201    .text.fputc         usart.o
    0x08007388   0x08007388   0x00000190   Code   RO         1619    .text.gui_circle    gui.o
    0x08007518   0x08007518   0x00000226   Code   RO         1834    .text.imu660ra_init  imu660ra.o
    0x0800773e   0x0800773e   0x00000002   PAD
    0x08007740   0x08007740   0x00000056   Code   RO         1724    .text.key_1         key.o
    0x08007796   0x08007796   0x00000002   PAD
    0x08007798   0x08007798   0x00000056   Code   RO         1726    .text.key_2         key.o
    0x080077ee   0x080077ee   0x00000002   PAD
    0x080077f0   0x080077f0   0x00000052   Code   RO         1728    .text.key_3         key.o
    0x08007842   0x08007842   0x00000002   PAD
    0x08007844   0x08007844   0x00000052   Code   RO         1730    .text.key_4         key.o
    0x08007896   0x08007896   0x00000002   PAD
    0x08007898   0x08007898   0x00000364   Code   RO           39    .text.main          main.o
    0x08007bfc   0x08007bfc   0x0000004e   Code   RO         1776    .text.motor_int     motor.o
    0x08007c4a   0x08007c4a   0x00000002   PAD
    0x08007c4c   0x08007c4c   0x00000388   Code   RO         1742    .text.music_init    bee.o
    0x08007fd4   0x08007fd4   0x000000b2   Code   RO         1744    .text.play_music    bee.o
    0x08008086   0x08008086   0x00000002   PAD
    0x08008088   0x08008088   0x00000080   Code   RO         1740    .text.tone_init     bee.o
    0x08008108   0x08008108   0x00000020   Code   RO         2116    i.__0printf         mc_w.l(printfa.o)
    0x08008128   0x08008128   0x00000028   Code   RO         2118    i.__0sprintf        mc_w.l(printfa.o)
    0x08008150   0x08008150   0x00000030   Code   RO         2189    i.__ARM_fpclassify  m_wm.l(fpclassify.o)
    0x08008180   0x08008180   0x00000360   Code   RO         1859    i.__hardfp_asin     m_wm.l(asin.o)
    0x080084e0   0x080084e0   0x000002d8   Code   RO         2162    i.__hardfp_atan     m_wm.l(atan.o)
    0x080087b8   0x080087b8   0x00000200   Code   RO         1866    i.__hardfp_atan2    m_wm.l(atan2.o)
    0x080089b8   0x080089b8   0x000000f8   Code   RO         2191    i.__kernel_poly     m_wm.l(poly.o)
    0x08008ab0   0x08008ab0   0x00000014   Code   RO         2170    i.__mathlib_dbl_infnan  m_wm.l(dunder.o)
    0x08008ac4   0x08008ac4   0x00000014   Code   RO         2171    i.__mathlib_dbl_infnan2  m_wm.l(dunder.o)
    0x08008ad8   0x08008ad8   0x00000020   Code   RO         2172    i.__mathlib_dbl_invalid  m_wm.l(dunder.o)
    0x08008af8   0x08008af8   0x00000020   Code   RO         2175    i.__mathlib_dbl_underflow  m_wm.l(dunder.o)
    0x08008b18   0x08008b18   0x0000000e   Code   RO         2258    i.__scatterload_copy  mc_w.l(handlers.o)
    0x08008b26   0x08008b26   0x00000002   Code   RO         2259    i.__scatterload_null  mc_w.l(handlers.o)
    0x08008b28   0x08008b28   0x0000000e   Code   RO         2260    i.__scatterload_zeroinit  mc_w.l(handlers.o)
    0x08008b36   0x08008b36   0x00000002   PAD
    0x08008b38   0x08008b38   0x0000000c   Code   RO         2234    i.__set_errno       mc_w.l(errno.o)
    0x08008b44   0x08008b44   0x00000184   Code   RO         2123    i._fp_digits        mc_w.l(printfa.o)
    0x08008cc8   0x08008cc8   0x000006dc   Code   RO         2124    i._printf_core      mc_w.l(printfa.o)
    0x080093a4   0x080093a4   0x00000024   Code   RO         2125    i._printf_post_padding  mc_w.l(printfa.o)
    0x080093c8   0x080093c8   0x0000002e   Code   RO         2126    i._printf_pre_padding  mc_w.l(printfa.o)
    0x080093f6   0x080093f6   0x0000000a   Code   RO         2128    i._sputc            mc_w.l(printfa.o)
    0x08009400   0x08009400   0x00000010   Code   RO         2164    i.atan              m_wm.l(atan.o)
    0x08009410   0x08009410   0x00000018   Code   RO         2185    i.fabs              m_wm.l(fabs.o)
    0x08009428   0x08009428   0x0000006e   Code   RO         2196    i.sqrt              m_wm.l(sqrt.o)
    0x08009496   0x08009496   0x00000002   PAD
    0x08009498   0x08009498   0x00000050   Data   RO         1862    .constdata          m_wm.l(asin.o)
    0x080094e8   0x080094e8   0x00000098   Data   RO         2165    .constdata          m_wm.l(atan.o)
    0x08009580   0x08009580   0x00000008   Data   RO         2193    .constdata          m_wm.l(qnan.o)
    0x08009588   0x08009588   0x0000001c   Data   RO           49    .rodata..L__const.main.submenu1  main.o
    0x080095a4   0x080095a4   0x0000001c   Data   RO           55    .rodata..L__const.main.submenu1_1  main.o
    0x080095c0   0x080095c0   0x0000001c   Data   RO           50    .rodata..L__const.main.submenu2  main.o
    0x080095dc   0x080095dc   0x0000001c   Data   RO           51    .rodata..L__const.main.submenu3  main.o
    0x080095f8   0x080095f8   0x0000001c   Data   RO           52    .rodata..L__const.main.submenu4  main.o
    0x08009614   0x08009614   0x0000001c   Data   RO           53    .rodata..L__const.main.submenu5  main.o
    0x08009630   0x08009630   0x0000001c   Data   RO           54    .rodata..L__const.main.submenu6  main.o
    0x0800964c   0x0800964c   0x00000074   Data   RO         1749    .rodata..L__const.music_init.music0_time  bee.o
    0x080096c0   0x080096c0   0x00000074   Data   RO         1748    .rodata..L__const.music_init.music0_unit  bee.o
    0x08009734   0x08009734   0x00000074   Data   RO         1750    .rodata..L__const.music_init.music0_unit_HL  bee.o
    0x080097a8   0x080097a8   0x000000b0   Data   RO         1752    .rodata..L__const.music_init.music1_time  bee.o
    0x08009858   0x08009858   0x000000b0   Data   RO         1751    .rodata..L__const.music_init.music1_unit  bee.o
    0x08009908   0x08009908   0x00000098   Data   RO         1754    .rodata..L__const.music_init.music2_time  bee.o
    0x080099a0   0x080099a0   0x00000098   Data   RO         1753    .rodata..L__const.music_init.music2_unit  bee.o
    0x08009a38   0x08009a38   0x00000098   Data   RO         1755    .rodata..L__const.music_init.music2_unit_HL  bee.o
    0x08009ad0   0x08009ad0   0x00000190   Data   RO         1757    .rodata..L__const.music_init.music3_time  bee.o
    0x08009c60   0x08009c60   0x00000190   Data   RO         1756    .rodata..L__const.music_init.music3_unit  bee.o
    0x08009df0   0x08009df0   0x00000190   Data   RO         1758    .rodata..L__const.music_init.music3_unit_HL  bee.o
    0x08009f80   0x08009f80   0x00000010   Data   RO         1597    .rodata.AHBPrescTable  system_stm32f4xx.o
    0x08009f90   0x08009f90   0x00000008   Data   RO         1598    .rodata.APBPrescTable  system_stm32f4xx.o
    0x08009f98   0x08009f98   0x00000474   Data   RO         1645    .rodata.asc2_1206   gui.o
    0x0800a40c   0x0800a40c   0x000005f0   Data   RO         1646    .rodata.asc2_1608   gui.o
    0x0800a9fc   0x0800a9fc   0x00000020   Data   RO         1371    .rodata.cst16       stm32f4xx_hal_tim.o
    0x0800aa1c   0x0800aa1c   0x00002000   Data   RO         1840    .rodata.imu660ra_config_file  imu660ra.o
    0x0800ca1c   0x0800ca1c   0x0000009f   Data   RO           48    .rodata.str1.1      main.o
    0x0800cabb   0x0800cabb   0x0000083c   Data   RO         1647    .rodata.tfont16     gui.o
    0x0800d2f7   0x0800d2f7   0x00000206   Data   RO         1648    .rodata.tfont24     gui.o
    0x0800d4fd   0x0800d4fd   0x00000208   Data   RO         1649    .rodata.tfont32     gui.o
    0x0800d705   0x0800d705   0x00000003   PAD
    0x0800d708   0x0800d708   0x00000020   Data   RO         2257    Region$$Table       anon$$obj.o


    Execution Region RW_IRAM1 (Exec base: 0x20000000, Load base: 0x0800d728, Size: 0x0000f980, Max: 0x0001c000, ABSOLUTE)

    Exec Addr    Load Addr    Size         Type   Attr      Idx    E Section Name        Object

    0x20000000   0x0800d728   0x00000004   Data   RW         2214    .data               mc_w.l(stdout.o)
    0x20000004   0x0800d72c   0x00000004   Data   RW         2235    .data               mc_w.l(errno.o)
    0x20000008   0x0800d730   0x00000008   Data   RW           58    .data..L_MergedGlobals  main.o
    0x20000010   0x0800d738   0x00000008   Data   RW          699    .data..L_MergedGlobals  stm32f4xx_hal.o
    0x20000018   0x0800d740   0x00000004   Data   RW         1779    .data.Beat_num      motor.o
    0x2000001c   0x0800d744   0x00000004   Data   RW         1778    .data.Beat_speed    motor.o
    0x20000020   0x0800d748   0x00000004   Data   RW         1596    .data.SystemCoreClock  system_stm32f4xx.o
    0x20000024   0x0800d74c   0x00000004   Data   RW           45    .data.duoji         main.o
    0x20000028   0x0800d750   0x00000008   Data   RW         1841    .data.imu660ra_transition_factor  imu660ra.o
    0x20000030   0x0800d758   0x00000004   Data   RW         1842    .data.q0            imu660ra.o
    0x20000034   0x0800d75c   0x00000004   PAD
    0x20000038        -       0x00000008   Zero   RW         1732    .bss..L_MergedGlobals  key.o
    0x20000040        -       0x00000064   Zero   RW         1759    .bss..L_MergedGlobals  bee.o
    0x200000a4        -       0x00000024   Zero   RW         1783    .bss..L_MergedGlobals  motor.o
    0x200000c8        -       0x00000030   Zero   RW         1850    .bss..L_MergedGlobals  imu660ra.o
    0x200000f8        -       0x0000007c   Zero   RW           59    .bss..L_MergedGlobals.23  main.o
    0x20000174        -       0x00000002   Zero   RW         1682    .bss.POINT_COLOR    lcd.o
    0x20000176   0x0800d75c   0x00000002   PAD
    0x20000178        -       0x00000004   Zero   RW         1813    .bss.fac_us         delay.o
    0x2000017c        -       0x00000048   Zero   RW           84    .bss.hadc1          adc.o
    0x200001c4        -       0x00000028   Zero   RW           99    .bss.hcan1          can.o
    0x200001ec        -       0x00000014   Zero   RW          114    .bss.hdac           dac.o
    0x20000200        -       0x00000054   Zero   RW          129    .bss.hi2c3          i2c.o
    0x20000254        -       0x00000058   Zero   RW          146    .bss.hspi1          spi.o
    0x200002ac        -       0x00000058   Zero   RW          147    .bss.hspi2          spi.o
    0x20000304        -       0x00000048   Zero   RW          176    .bss.htim1          tim.o
    0x2000034c        -       0x00000048   Zero   RW          180    .bss.htim12         tim.o
    0x20000394        -       0x00000048   Zero   RW          177    .bss.htim2          tim.o
    0x200003dc        -       0x00000048   Zero   RW          178    .bss.htim4          tim.o
    0x20000424        -       0x00000048   Zero   RW          179    .bss.htim9          tim.o
    0x2000046c        -       0x00000048   Zero   RW          206    .bss.huart1         usart.o
    0x200004b4        -       0x00000048   Zero   RW          207    .bss.huart2         usart.o
    0x200004fc        -       0x00000048   Zero   RW          208    .bss.huart3         usart.o
    0x20000544        -       0x00000048   Zero   RW          205    .bss.huart4         usart.o
    0x2000058c        -       0x0000000e   Zero   RW         1684    .bss.lcddev         lcd.o
    0x2000059a   0x0800d75c   0x00000002   PAD
    0x2000059c        -       0x00000004   Zero   RW         1781    .bss.list_max       motor.o
    0x200005a0        -       0x0000efd8   Zero   RW         1746    .bss.music          bee.o
    0x2000f578        -       0x00000004   Zero   RW          698    .bss.uwTick         stm32f4xx_hal.o
    0x2000f57c   0x0800d75c   0x00000004   PAD
    0x2000f580        -       0x00000400   Zero   RW            1    STACK               startup_stm32f407xx.o


    Execution Region RW_IRAM2 (Exec base: 0x2001c000, Load base: 0x0800d760, Size: 0x00000000, Max: 0x00004000, ABSOLUTE)

    **** No section assigned to this execution region ****


==============================================================================

Image component sizes


      Code (inc. data)   RO Data    RW Data    ZI Data      Debug   Object Name

       210          0          0          0         72       5264   adc.o
      1210          0       2356          0      61500       3343   bee.o
       162          0          0          0         40       4471   can.o
       168          0          0          0         20       4755   dac.o
        22          0          0          0          4       3317   delay.o
       354          0          0          0          0       2526   gpio.o
      4822          0       5806          0          0      27164   gui.o
       236          0          0          0         84       5510   i2c.o
      1622         20       8192         12         48       7716   imu660ra.o
       336          0          0          0          8       1836   key.o
      2568          0          0          0         16      14711   lcd.o
      4382        236        355         12        124       9732   main.o
       598         14          0          0          0       1689   menu.o
       376          8          0          8         40       5790   motor.o
        80          0          0          0          0       1441   my_spi.o
       392          0          0          0        176       5640   spi.o
        36          8        392          0       1024        832   startup_stm32f407xx.o
       204          0          0          8          4       7306   stm32f4xx_hal.o
      1282          0          0          0          0      12271   stm32f4xx_hal_adc.o
       244          0          0          0          0      13829   stm32f4xx_hal_can.o
       220          0          0          0          0      10760   stm32f4xx_hal_cortex.o
       282          0          0          0          0       7949   stm32f4xx_hal_dac.o
       450          0          0          0          0       5334   stm32f4xx_hal_gpio.o
       356          0          0          0          0      43869   stm32f4xx_hal_i2c.o
        56          0          0          0          0       1462   stm32f4xx_hal_msp.o
      1482          0          0          0          0       7386   stm32f4xx_hal_rcc.o
      2460          0          0          0          0      26330   stm32f4xx_hal_spi.o
      2982          6         32          0          0      55575   stm32f4xx_hal_tim.o
       190          0          0          0          0      21025   stm32f4xx_hal_tim_ex.o
       710          0          0          0          0      32105   stm32f4xx_hal_uart.o
        32          0          0          0          0       4459   stm32f4xx_it.o
        18          0         24          4          0       2650   system_stm32f4xx.o
      1280          0          0          0        360      12433   tim.o
       640          0          0          0        288       6719   usart.o

    ----------------------------------------------------------------------
     30628        292      17192         44      63820     377199   Object Totals
         0          0         32          0          0          0   (incl. Generated)
       166          0          3          0         12          0   (incl. Padding)

    ----------------------------------------------------------------------

      Code (inc. data)   RO Data    RW Data    ZI Data      Debug   Library Member Name

       864         94         80          0          0        280   asin.o
       744        106        152          0          0        352   atan.o
       512         64          0          0          0        208   atan2.o
       104         16          0          0          0        496   dunder.o
        24          0          0          0          0        124   fabs.o
        48          0          0          0          0        124   fpclassify.o
       248          0          0          0          0        152   poly.o
         0          0          8          0          0          0   qnan.o
       110          0          0          0          0        148   sqrt.o
         0          0          0          0          0          0   entry.o
         0          0          0          0          0          0   entry10a.o
         0          0          0          0          0          0   entry11a.o
         8          4          0          0          0          0   entry2.o
         4          0          0          0          0          0   entry5.o
         0          0          0          0          0          0   entry7b.o
         0          0          0          0          0          0   entry8b.o
         8          4          0          0          0          0   entry9a.o
        12          6          0          4          0         68   errno.o
        30          0          0          0          0          0   handlers.o
        48         10          0          0          0         68   init.o
         0          0          0          0          0          0   iusefp.o
        30          0          0          0          0         68   llshl.o
        36          0          0          0          0         68   llsshr.o
        32          0          0          0          0         68   llushr.o
        36          0          0          0          0         68   memcpya.o
      2308         96          0          0          0        604   printfa.o
         0          0          0          4          0          0   stdout.o
        14          0          0          0          0         68   strlen.o
        44          0          0          0          0         80   uidiv.o
        98          0          0          0          0         92   uldiv.o
        48          0          0          0          0         68   cdcmple.o
        48          0          0          0          0         68   cdrcmple.o
        56          0          0          0          0         88   d2f.o
       334          0          0          0          0        148   dadd.o
       222          0          0          0          0        100   ddiv.o
       186          0          0          0          0        176   depilogue.o
        62          0          0          0          0         80   dfixi.o
        50          0          0          0          0         76   dfixui.o
        48          0          0          0          0         68   dfixul.o
        34          0          0          0          0         76   dflti.o
        26          0          0          0          0         76   dfltui.o
       228          0          0          0          0         96   dmul.o
       162          0          0          0          0        100   dsqrt.o
        38          0          0          0          0         68   f2d.o
       110          0          0          0          0        168   fepilogue.o

    ----------------------------------------------------------------------
      7020        400        240          8          0       4592   Library Totals
         6          0          0          0          0          0   (incl. Padding)

    ----------------------------------------------------------------------

      Code (inc. data)   RO Data    RW Data    ZI Data      Debug   Library Name

      2654        280        240          0          0       1884   m_wm.l
      2708        120          0          8          0       1252   mc_w.l
      1652          0          0          0          0       1456   mf_w.l

    ----------------------------------------------------------------------
      7020        400        240          8          0       4592   Library Totals

    ----------------------------------------------------------------------

==============================================================================


      Code (inc. data)   RO Data    RW Data    ZI Data      Debug   

     37648        692      17432         52      63820     378799   Grand Totals
     37648        692      17432         52      63820     378799   ELF Image Totals
     37648        692      17432         52          0          0   ROM Totals

==============================================================================

    Total RO  Size (Code + RO Data)                55080 (  53.79kB)
    Total RW  Size (RW Data + ZI Data)             63872 (  62.38kB)
    Total ROM Size (Code + RO Data + RW Data)      55132 (  53.84kB)

==============================================================================

